Component: ARM Compiler 5.06 update 6 (build 750) Tool: armlink [4d35ed]

==============================================================================

Section Cross References

    startup_stm32f103xb.o(RESET) refers to startup_stm32f103xb.o(STACK) for __initial_sp
    startup_stm32f103xb.o(RESET) refers to startup_stm32f103xb.o(.text) for Reset_Handler
    startup_stm32f103xb.o(RESET) refers to stm32f1xx_it.o(i.NMI_Handler) for NMI_Handler
    startup_stm32f103xb.o(RESET) refers to stm32f1xx_it.o(i.HardFault_Handler) for HardFault_Handler
    startup_stm32f103xb.o(RESET) refers to stm32f1xx_it.o(i.MemManage_Handler) for MemManage_Handler
    startup_stm32f103xb.o(RESET) refers to stm32f1xx_it.o(i.BusFault_Handler) for BusFault_Handler
    startup_stm32f103xb.o(RESET) refers to stm32f1xx_it.o(i.UsageFault_Handler) for UsageFault_Handler
    startup_stm32f103xb.o(RESET) refers to stm32f1xx_it.o(i.SVC_Handler) for SVC_Handler
    startup_stm32f103xb.o(RESET) refers to stm32f1xx_it.o(i.DebugMon_Handler) for DebugMon_Handler
    startup_stm32f103xb.o(RESET) refers to stm32f1xx_it.o(i.PendSV_Handler) for PendSV_Handler
    startup_stm32f103xb.o(RESET) refers to stm32f1xx_it.o(i.SysTick_Handler) for SysTick_Handler
    startup_stm32f103xb.o(RESET) refers to stm32f1xx_it.o(i.EXTI2_IRQHandler) for EXTI2_IRQHandler
    startup_stm32f103xb.o(RESET) refers to stm32f1xx_it.o(i.USB_LP_CAN1_RX0_IRQHandler) for USB_LP_CAN1_RX0_IRQHandler
    startup_stm32f103xb.o(.text) refers to system_stm32f1xx.o(i.SystemInit) for SystemInit
    startup_stm32f103xb.o(.text) refers to entry.o(.ARM.Collect$$$$00000000) for __main
    extfls.o(i.SPI_FPGA_Read) refers to stm32f1xx_hal_spi.o(i.HAL_SPI_TransmitReceive) for HAL_SPI_TransmitReceive
    extfls.o(i.SPI_FPGA_Read) refers to main.o(.bss) for hspi1
    extfls.o(i.SPI_FPGA_Write) refers to stm32f1xx_hal_spi.o(i.HAL_SPI_Transmit) for HAL_SPI_Transmit
    extfls.o(i.SPI_FPGA_Write) refers to main.o(.bss) for hspi1
    extfls.o(i.extdac_out) refers to stm32f1xx_hal_gpio.o(i.HAL_GPIO_WritePin) for HAL_GPIO_WritePin
    extfls.o(i.extdac_out) refers to extfls.o(i.delay_cycles) for delay_cycles
    extfls.o(i.get_data) refers to extfls.o(i.SPI_FPGA_Read) for SPI_FPGA_Read
    extfls.o(i.init_adc) refers to stm32f1xx_hal_gpio.o(i.HAL_GPIO_WritePin) for HAL_GPIO_WritePin
    extfls.o(i.init_adc) refers to extfls.o(i.delay_cycles) for delay_cycles
    extfls.o(i.vout_level) refers to stm32f1xx_hal_gpio.o(i.HAL_GPIO_WritePin) for HAL_GPIO_WritePin
    extfls.o(i.vout_level) refers to dflti.o(.text) for __aeabi_i2d
    extfls.o(i.vout_level) refers to dmul.o(.text) for __aeabi_dmul
    extfls.o(i.vout_level) refers to dfixi.o(.text) for __aeabi_d2iz
    extfls.o(i.vout_level) refers to extfls.o(i.extdac_out) for extdac_out
    main.o(i.MX_GPIO_Init) refers to stm32f1xx_hal_gpio.o(i.HAL_GPIO_WritePin) for HAL_GPIO_WritePin
    main.o(i.MX_GPIO_Init) refers to stm32f1xx_hal_gpio.o(i.HAL_GPIO_Init) for HAL_GPIO_Init
    main.o(i.MX_GPIO_Init) refers to stm32f1xx_hal_cortex.o(i.HAL_NVIC_SetPriority) for HAL_NVIC_SetPriority
    main.o(i.MX_GPIO_Init) refers to stm32f1xx_hal_cortex.o(i.HAL_NVIC_EnableIRQ) for HAL_NVIC_EnableIRQ
    main.o(i.MX_SPI1_Init) refers to stm32f1xx_hal_spi.o(i.HAL_SPI_Init) for HAL_SPI_Init
    main.o(i.MX_SPI1_Init) refers to main.o(.bss) for .bss
    main.o(i.SystemClock_Config) refers to memseta.o(.text) for __aeabi_memclr4
    main.o(i.SystemClock_Config) refers to stm32f1xx_hal_rcc.o(i.HAL_RCC_OscConfig) for HAL_RCC_OscConfig
    main.o(i.SystemClock_Config) refers to stm32f1xx_hal_rcc.o(i.HAL_RCC_ClockConfig) for HAL_RCC_ClockConfig
    main.o(i.SystemClock_Config) refers to stm32f1xx_hal_rcc_ex.o(i.HAL_RCCEx_PeriphCLKConfig) for HAL_RCCEx_PeriphCLKConfig
    main.o(i.editCfg) refers to stm32f1xx_hal.o(i.HAL_Delay) for HAL_Delay
    main.o(i.editCfg) refers to usbd_cdc_if.o(i.CDC_Transmit_FS) for CDC_Transmit_FS
    main.o(i.editCfg) refers to extfls.o(i.vout_level) for vout_level
    main.o(i.editCfg) refers to memcpya.o(.text) for __aeabi_memcpy
    main.o(i.editCfg) refers to stm32f1xx_hal_flash.o(i.HAL_FLASH_Unlock) for HAL_FLASH_Unlock
    main.o(i.editCfg) refers to stm32f1xx_hal_flash_ex.o(i.HAL_FLASHEx_Erase) for HAL_FLASHEx_Erase
    main.o(i.editCfg) refers to stm32f1xx_hal_flash.o(i.HAL_FLASH_Program) for HAL_FLASH_Program
    main.o(i.editCfg) refers to stm32f1xx_hal_flash.o(i.HAL_FLASH_Lock) for HAL_FLASH_Lock
    main.o(i.editCfg) refers to main.o(.data) for .data
    main.o(i.editCfg) refers to main.o(.bss) for .bss
    main.o(i.m2) refers to main.o(.data) for .data
    main.o(i.main) refers to stm32f1xx_hal.o(i.HAL_Init) for HAL_Init
    main.o(i.main) refers to main.o(i.SystemClock_Config) for SystemClock_Config
    main.o(i.main) refers to main.o(i.MX_GPIO_Init) for MX_GPIO_Init
    main.o(i.main) refers to usb_device.o(i.MX_USB_DEVICE_Init) for MX_USB_DEVICE_Init
    main.o(i.main) refers to main.o(i.MX_SPI1_Init) for MX_SPI1_Init
[...]
    .text                                    0x08000716   Section        0  f2d.o(.text)
    .text                                    0x0800073c   Section       48  cdcmple.o(.text)
    .text                                    0x0800076c   Section       48  cdrcmple.o(.text)
    .text                                    0x0800079c   Section        0  d2f.o(.text)
    .text                                    0x080007d4   Section        0  llshl.o(.text)
    .text                                    0x080007f2   Section        0  llsshr.o(.text)
    .text                                    0x08000816   Section        0  iusefp.o(.text)
    .text                                    0x08000816   Section        0  fepilogue.o(.text)
    .text                                    0x08000884   Section        0  depilogue.o(.text)
    .text                                    0x08000940   Section       36  init.o(.text)
    .text                                    0x08000964   Section        0  __dczerorl2.o(.text)
    i.BusFault_Handler                       0x080009ba   Section        0  stm32f1xx_it.o(i.BusFault_Handler)
    i.CDC_Control_FS                         0x080009bc   Section        0  usbd_cdc_if.o(i.CDC_Control_FS)
    CDC_Control_FS                           0x080009bd   Thumb Code     4  usbd_cdc_if.o(i.CDC_Control_FS)
    i.CDC_DeInit_FS                          0x080009c0   Section        0  usbd_cdc_if.o(i.CDC_DeInit_FS)
    CDC_DeInit_FS                            0x080009c1   Thumb Code     4  usbd_cdc_if.o(i.CDC_DeInit_FS)
    i.CDC_Init_FS                            0x080009c4   Section        0  usbd_cdc_if.o(i.CDC_Init_FS)
    CDC_Init_FS                              0x080009c5   Thumb Code    24  usbd_cdc_if.o(i.CDC_Init_FS)
    i.CDC_Receive_FS                         0x080009e8   Section        0  usbd_cdc_if.o(i.CDC_Receive_FS)
    CDC_Receive_FS                           0x080009e9   Thumb Code    40  usbd_cdc_if.o(i.CDC_Receive_FS)
    i.CDC_Transmit_FS                        0x08000a1c   Section        0  usbd_cdc_if.o(i.CDC_Transmit_FS)
    i.DebugMon_Handler                       0x08000a48   Section        0  stm32f1xx_it.o(i.DebugMon_Handler)
    i.EXTI2_IRQHandler                       0x08000a4c   Section        0  stm32f1xx_it.o(i.EXTI2_IRQHandler)
    i.Error_Handler                          0x08000a60   Section        0  main.o(i.Error_Handler)
    i.FLASH_MassErase                        0x08000a64   Section        0  stm32f1xx_hal_flash_ex.o(i.FLASH_MassErase)
    FLASH_MassErase                          0x08000a65   Thumb Code    26  stm32f1xx_hal_flash_ex.o(i.FLASH_MassErase)
    i.FLASH_PageErase                        0x08000a88   Section        0  stm32f1xx_hal_flash_ex.o(i.FLASH_PageErase)
    i.FLASH_Program_HalfWord                 0x08000aac   Section        0  stm32f1xx_hal_flash.o(i.FLASH_Program_HalfWord)
    FLASH_Program_HalfWord                   0x08000aad   Thumb Code    20  stm32f1xx_hal_flash.o(i.FLASH_Program_HalfWord)
    i.FLASH_SetErrorCode                     0x08000ac8   Section        0  stm32f1xx_hal_flash.o(i.FLASH_SetErrorCode)
    FLASH_SetErrorCode                       0x08000ac9   Thumb Code    84  stm32f1xx_hal_flash.o(i.FLASH_SetErrorCode)
    i.FLASH_WaitForLastOperation             0x08000b24   Section        0  stm32f1xx_hal_flash.o(i.FLASH_WaitForLastOperation)
    i.HAL_Delay                              0x08000b78   Section        0  stm32f1xx_hal.o(i.HAL_Delay)
    i.HAL_FLASHEx_Erase                      0x08000b9c   Section        0  stm32f1xx_hal_flash_ex.o(i.HAL_FLASHEx_Erase)
    i.HAL_FLASH_Lock                         0x08000c44   Section        0  stm32f1xx_hal_flash.o(i.HAL_FLASH_Lock)
    i.HAL_FLASH_Program                      0x08000c58   Section        0  stm32f1xx_hal_flash.o(i.HAL_FLASH_Program)
    i.HAL_FLASH_Unlock                       0x08000cd8   Section        0  stm32f1xx_hal_flash.o(i.HAL_FLASH_Unlock)
    i.HAL_GPIO_EXTI_Callback                 0x08000d00   Section        0  stm32f1xx_hal_gpio.o(i.HAL_GPIO_EXTI_Callback)
    i.HAL_GPIO_EXTI_IRQHandler               0x08000d04   Section        0  stm32f1xx_hal_gpio.o(i.HAL_GPIO_EXTI_IRQHandler)
    i.HAL_GPIO_Init                          0x08000d1c   Section        0  stm32f1xx_hal_gpio.o(i.HAL_GPIO_Init)
    i.HAL_GPIO_WritePin                      0x08000efc   Section        0  stm32f1xx_hal_gpio.o(i.HAL_GPIO_WritePin)
    i.HAL_GetTick                            0x08000f08   Section        0  stm32f1xx_hal.o(i.HAL_GetTick)
    i.HAL_IncTick                            0x08000f14   Section        0  stm32f1xx_hal.o(i.HAL_IncTick)
    i.HAL_Init                               0x08000f24   Section        0  stm32f1xx_hal.o(i.HAL_Init)
    i.HAL_InitTick                           0x08000f48   Section        0  stm32f1xx_hal.o(i.HAL_InitTick)
    i.HAL_MspInit                            0x08000f88   Section        0  stm32f1xx_hal_msp.o(i.HAL_MspInit)
    i.HAL_NVIC_EnableIRQ                     0x08000fc4   Section        0  stm32f1xx_hal_cortex.o(i.HAL_NVIC_EnableIRQ)
    i.HAL_NVIC_SetPriority                   0x08000fe0   Section        0  stm32f1xx_hal_cortex.o(i.HAL_NVIC_SetPriority)
    i.HAL_NVIC_SetPriorityGrouping           0x08001020   Section        0  stm32f1xx_hal_cortex.o(i.HAL_NVIC_SetPriorityGrouping)
    i.HAL_PCDEx_PMAConfig                    0x08001044   Section        0  stm32f1xx_hal_pcd_ex.o(i.HAL_PCDEx_PMAConfig)
    i.HAL_PCDEx_SetConnectionState           0x08001078   Section        0  usbd_conf.o(i.HAL_PCDEx_SetConnectionState)
    i.HAL_PCD_DataInStageCallback            0x0800107a   Section        0  usbd_conf.o(i.HAL_PCD_DataInStageCallback)
    i.HAL_PCD_DataOutStageCallback           0x08001088   Section        0  usbd_conf.o(i.HAL_PCD_DataOutStageCallback)
    i.HAL_PCD_EP_Close                       0x08001098   Section        0  stm32f1xx_hal_pcd.o(i.HAL_PCD_EP_Close)
    i.HAL_PCD_EP_ClrStall                    0x080010e0   Section        0  stm32f1xx_hal_pcd.o(i.HAL_PCD_EP_ClrStall)
    i.HAL_PCD_EP_GetRxCount                  0x08001138   Section        0  stm32f1xx_hal_pcd.o(i.HAL_PCD_EP_GetRxCount)
    i.HAL_PCD_EP_Open                        0x08001146   Section        0  stm32f1xx_hal_pcd.o(i.HAL_PCD_EP_Open)
    i.HAL_PCD_EP_Receive                     0x080011a2   Section        0  stm32f1xx_hal_pcd.o(i.HAL_PCD_EP_Receive)
    i.HAL_PCD_EP_SetStall                    0x080011d0   Section        0  stm32f1xx_hal_pcd.o(i.HAL_PCD_EP_SetStall)
    i.HAL_PCD_EP_Transmit                    0x0800123a   Section        0  stm32f1xx_hal_pcd.o(i.HAL_PCD_EP_Transmit)
    i.HAL_PCD_IRQHandler                     0x08001264   Section        0  stm32f1xx_hal_pcd.o(i.HAL_PCD_IRQHandler)
    i.HAL_PCD_Init                           0x0800137c   Section        0  stm32f1xx_hal_pcd.o(i.HAL_PCD_Init)
    i.HAL_PCD_MspInit                        0x08001450   Section        0  usbd_conf.o(i.HAL_PCD_MspInit)
    i.HAL_PCD_ResetCallback                  0x0800148c   Section        0  usbd_conf.o(i.HAL_PCD_ResetCallback)
    i.HAL_PCD_ResumeCallback                 0x080014b2   Section        0  usbd_conf.o(i.HAL_PCD_ResumeCallback)
    i.HAL_PCD_SOFCallback                    0x080014ba   Section        0  usbd_conf.o(i.HAL_PCD_SOFCallback)
    i.HAL_PCD_SetAddress                     0x080014c2   Section        0  stm32f1xx_hal_pcd.o(i.HAL_PCD_SetAddress)
    i.HAL_PCD_SetupStageCallback             0x080014ea   Section        0  usbd_conf.o(i.HAL_PCD_SetupStageCallback)
    i.HAL_PCD_Start                          0x080014f8   Section        0  stm32f1xx_hal_pcd.o(i.HAL_PCD_Start)
    i.HAL_PCD_SuspendCallback                0x0800152c   Section        0  usbd_conf.o(i.HAL_PCD_SuspendCallback)
    i.HAL_RCCEx_PeriphCLKConfig              0x08001550   Section        0  stm32f1xx_hal_rcc_ex.o(i.HAL_RCCEx_PeriphCLKConfig)
    i.HAL_RCC_ClockConfig                    0x0800163c   Section        0  stm32f1xx_hal_rcc.o(i.HAL_RCC_ClockConfig)
    i.HAL_RCC_GetSysClockFreq                0x08001768   Section        0  stm32f1xx_hal_rcc.o(i.HAL_RCC_GetSysClockFreq)
    i.HAL_RCC_OscConfig                      0x080017d4   Section        0  stm32f1xx_hal_rcc.o(i.HAL_RCC_OscConfig)
    i.HAL_SPI_Init                           0x08001af4   Section        0  stm32f1xx_hal_spi.o(i.HAL_SPI_Init)
    i.HAL_SPI_MspInit                        0x08001b70   Section        0  stm32f1xx_hal_msp.o(i.HAL_SPI_MspInit)
    i.HAL_SPI_TransmitReceive                0x08001be0   Section        0  stm32f1xx_hal_spi.o(i.HAL_SPI_TransmitReceive)
    i.HAL_SYSTICK_Config                     0x08001dc2   Section        0  stm32f1xx_hal_cortex.o(i.HAL_SYSTICK_Config)
    i.HardFault_Handler                      0x08001dea   Section        0  stm32f1xx_it.o(i.HardFault_Handler)
    i.IntToUnicode                           0x08001dec   Section        0  usbd_desc.o(i.IntToUnicode)
    IntToUnicode                             0x08001ded   Thumb Code    56  usbd_desc.o(i.IntToUnicode)
    i.MX_GPIO_Init                           0x08001e24   Section        0  main.o(i.MX_GPIO_Init)
    MX_GPIO_Init                             0x08001e25   Thumb Code   304  main.o(i.MX_GPIO_Init)
    i.MX_SPI1_Init                           0x08001f6c   Section        0  main.o(i.MX_SPI1_Init)
    MX_SPI1_Init                             0x08001f6d   Thumb Code    48  main.o(i.MX_SPI1_Init)
    i.MX_USB_DEVICE_Init                     0x08001fa4   Section        0  usb_device.o(i.MX_USB_DEVICE_Init)
    i.MemManage_Handler                      0x08001ff8   Section        0  stm32f1xx_it.o(i.MemManage_Handler)
    i.NMI_Handler                            0x08001ffa   Section        0  stm32f1xx_it.o(i.NMI_Handler)
    i.PCD_EP_ISR_Handler                     0x08001ffc   Section        0  stm32f1xx_hal_pcd.o(i.PCD_EP_ISR_Handler)
    PCD_EP_ISR_Handler                       0x08001ffd   Thumb Code   706  stm32f1xx_hal_pcd.o(i.PCD_EP_ISR_Handler)
    i.PendSV_Handler                         0x080022be   Section        0  stm32f1xx_it.o(i.PendSV_Handler)
    i.SPI_EndRxTxTransaction                 0x080022c0   Section        0  stm32f1xx_hal_spi.o(i.SPI_EndRxTxTransaction)
    SPI_EndRxTxTransaction                   0x080022c1   Thumb Code    32  stm32f1xx_hal_spi.o(i.SPI_EndRxTxTransaction)
    i.SPI_FPGA_Read                          0x080022e0   Section        0  extfls.o(i.SPI_FPGA_Read)
    i.SPI_WaitFlagStateUntilTimeout          0x08002308   Section        0  stm32f1xx_hal_spi.o(i.SPI_WaitFlagStateUntilTimeout)
    SPI_WaitFlagStateUntilTimeout            0x08002309   Thumb Code   148  stm32f1xx_hal_spi.o(i.SPI_WaitFlagStateUntilTimeout)
    i.SVC_Handler                            0x0800239c   Section        0  stm32f1xx_it.o(i.SVC_Handler)
    i.SysTick_Handler                        0x0800239e   Section        0  stm32f1xx_it.o(i.SysTick_Handler)
    i.SystemClock_Config                     0x080023a2   Section        0  main.o(i.SystemClock_Config)
    i.SystemInit                             0x08002404   Section        0  system_stm32f1xx.o(i.SystemInit)
    i.USBD_CDC_DataIn                        0x0800244c   Section        0  usbd_cdc.o(i.USBD_CDC_DataIn)
    USBD_CDC_DataIn                          0x0800244d   Thumb Code    70  usbd_cdc.o(i.USBD_CDC_DataIn)
    i.USBD_CDC_DataOut                       0x08002492   Section        0  usbd_cdc.o(i.USBD_CDC_DataOut)
    USBD_CDC_DataOut                         0x08002493   Thumb Code    46  usbd_cdc.o(i.USBD_CDC_DataOut)
    i.USBD_CDC_DeInit                        0x080024c0   Section        0  usbd_cdc.o(i.USBD_CDC_DeInit)
    USBD_CDC_DeInit                          0x080024c1   Thumb Code    68  usbd_cdc.o(i.USBD_CDC_DeInit)
    i.USBD_CDC_EP0_RxReady                   0x08002504   Section        0  usbd_cdc.o(i.USBD_CDC_EP0_RxReady)
    USBD_CDC_EP0_RxReady                     0x08002505   Thumb Code    36  usbd_cdc.o(i.USBD_CDC_EP0_RxReady)
    i.USBD_CDC_GetDeviceQualifierDescriptor  0x08002528   Section        0  usbd_cdc.o(i.USBD_CDC_GetDeviceQualifierDescriptor)
    i.USBD_CDC_GetFSCfgDesc                  0x08002534   Section        0  usbd_cdc.o(i.USBD_CDC_GetFSCfgDesc)
    USBD_CDC_GetFSCfgDesc                    0x08002535   Thumb Code     8  usbd_cdc.o(i.USBD_CDC_GetFSCfgDesc)
    i.USBD_CDC_GetHSCfgDesc                  0x08002540   Section        0  usbd_cdc.o(i.USBD_CDC_GetHSCfgDesc)
    USBD_CDC_GetHSCfgDesc                    0x08002541   Thumb Code     8  usbd_cdc.o(i.USBD_CDC_GetHSCfgDesc)
    i.USBD_CDC_GetOtherSpeedCfgDesc          0x0800254c   Section        0  usbd_cdc.o(i.USBD_CDC_GetOtherSpeedCfgDesc)
    USBD_CDC_GetOtherSpeedCfgDesc            0x0800254d   Thumb Code     8  usbd_cdc.o(i.USBD_CDC_GetOtherSpeedCfgDesc)
    i.USBD_CDC_Init                          0x08002558   Section        0  usbd_cdc.o(i.USBD_CDC_Init)
    USBD_CDC_Init                            0x08002559   Thumb Code   148  usbd_cdc.o(i.USBD_CDC_Init)
    i.USBD_CDC_ReceivePacket                 0x080025ec   Section        0  usbd_cdc.o(i.USBD_CDC_ReceivePacket)
    i.USBD_CDC_RegisterInterface             0x08002614   Section        0  usbd_cdc.o(i.USBD_CDC_RegisterInterface)
    i.USBD_CDC_SetRxBuffer                   0x08002624   Section        0  usbd_cdc.o(i.USBD_CDC_SetRxBuffer)
    i.USBD_CDC_SetTxBuffer                   0x08002630   Section        0  usbd_cdc.o(i.USBD_CDC_SetTxBuffer)
    i.USBD_CDC_Setup                         0x08002640   Section        0  usbd_cdc.o(i.USBD_CDC_Setup)
    USBD_CDC_Setup                           0x08002641   Thumb Code   172  usbd_cdc.o(i.USBD_CDC_Setup)
    i.USBD_CDC_TransmitPacket                0x080026ec   Section        0  usbd_cdc.o(i.USBD_CDC_TransmitPacket)
    i.USBD_ClrClassConfig                    0x08002722   Section        0  usbd_core.o(i.USBD_ClrClassConfig)
    i.USBD_CtlContinueRx                     0x08002730   Section        0  usbd_ioreq.o(i.USBD_CtlContinueRx)
    i.USBD_CtlContinueSendData               0x08002740   Section        0  usbd_ioreq.o(i.USBD_CtlContinueSendData)
    i.USBD_CtlError                          0x08002750   Section        0  usbd_ctlreq.o(i.USBD_CtlError)
    i.USBD_CtlPrepareRx                      0x08002766   Section        0  usbd_ioreq.o(i.USBD_CtlPrepareRx)
    i.USBD_CtlReceiveStatus                  0x08002784   Section        0  usbd_ioreq.o(i.USBD_CtlReceiveStatus)
    i.USBD_CtlSendData                       0x0800279a   Section        0  usbd_ioreq.o(i.USBD_CtlSendData)
    i.USBD_CtlSendStatus                     0x080027b4   Section        0  usbd_ioreq.o(i.USBD_CtlSendStatus)
    i.USBD_FS_ConfigStrDescriptor            0x080027cc   Section        0  usbd_desc.o(i.USBD_FS_ConfigStrDescriptor)
    i.USBD_FS_DeviceDescriptor               0x080027ec   Section        0  usbd_desc.o(i.USBD_FS_DeviceDescriptor)
    i.USBD_FS_InterfaceStrDescriptor         0x080027f8   Section        0  usbd_desc.o(i.USBD_FS_InterfaceStrDescriptor)
    i.USBD_FS_LangIDStrDescriptor            0x0800281c   Section        0  usbd_desc.o(i.USBD_FS_LangIDStrDescriptor)
    i.USBD_FS_ManufacturerStrDescriptor      0x08002828   Section        0  usbd_desc.o(i.USBD_FS_ManufacturerStrDescriptor)
    i.USBD_FS_ProductStrDescriptor           0x08002850   Section        0  usbd_desc.o(i.USBD_FS_ProductStrDescriptor)
    i.USBD_FS_SerialStrDescriptor            0x0800287c   Section        0  usbd_desc.o(i.USBD_FS_SerialStrDescriptor)
    i.USBD_GetDescriptor                     0x080028b4   Section        0  usbd_ctlreq.o(i.USBD_GetDescriptor)
    USBD_GetDescriptor                       0x080028b5   Thumb Code   232  usbd_ctlreq.o(i.USBD_GetDescriptor)
    i.USBD_GetString                         0x0800299c   Section        0  usbd_ctlreq.o(i.USBD_GetString)
    i.USBD_Get_USB_Status                    0x080029e4   Section        0  usbd_conf.o(i.USBD_Get_USB_Status)
    USBD_Get_USB_Status                      0x080029e5   Thumb Code    24  usbd_conf.o(i.USBD_Get_USB_Status)
    i.USBD_Init                              0x080029fc   Section        0  usbd_core.o(i.USBD_Init)
    i.USBD_LL_ClearStallEP                   0x08002a26   Section        0  usbd_conf.o(i.USBD_LL_ClearStallEP)
    i.USBD_LL_CloseEP                        0x08002a38   Section        0  usbd_conf.o(i.USBD_LL_CloseEP)
    i.USBD_LL_DataInStage                    0x08002a4a   Section        0  usbd_core.o(i.USBD_LL_DataInStage)
    i.USBD_LL_DataOutStage                   0x08002b10   Section        0  usbd_core.o(i.USBD_LL_DataOutStage)
    i.USBD_LL_GetRxDataSize                  0x08002b92   Section        0  usbd_conf.o(i.USBD_LL_GetRxDataSize)
    i.USBD_LL_Init                           0x08002b9c   Section        0  usbd_conf.o(i.USBD_LL_Init)
    i.USBD_LL_IsStallEP                      0x08002c1c   Section        0  usbd_conf.o(i.USBD_LL_IsStallEP)
    i.USBD_LL_OpenEP                         0x08002c38   Section        0  usbd_conf.o(i.USBD_LL_OpenEP)
    i.USBD_LL_PrepareReceive                 0x08002c50   Section        0  usbd_conf.o(i.USBD_LL_PrepareReceive)
    i.USBD_LL_Reset                          0x08002c62   Section        0  usbd_core.o(i.USBD_LL_Reset)
    i.USBD_LL_Resume                         0x08002cb2   Section        0  usbd_core.o(i.USBD_LL_Resume)
    i.USBD_LL_SOF                            0x08002cc6   Section        0  usbd_core.o(i.USBD_LL_SOF)
    i.USBD_LL_SetSpeed                       0x08002cde   Section        0  usbd_core.o(i.USBD_LL_SetSpeed)
    i.USBD_LL_SetUSBAddress                  0x08002ce4   Section        0  usbd_conf.o(i.USBD_LL_SetUSBAddress)
    i.USBD_LL_SetupStage                     0x08002cf6   Section        0  usbd_core.o(i.USBD_LL_SetupStage)
    i.USBD_LL_StallEP                        0x08002d50   Section        0  usbd_conf.o(i.USBD_LL_StallEP)
    i.USBD_LL_Start                          0x08002d62   Section        0  usbd_conf.o(i.USBD_LL_Start)
    i.USBD_LL_Suspend                        0x08002d74   Section        0  usbd_core.o(i.USBD_LL_Suspend)
    i.USBD_LL_Transmit                       0x08002d86   Section        0  usbd_conf.o(i.USBD_LL_Transmit)
    i.USBD_ParseSetupRequest                 0x08002d98   Section        0  usbd_ctlreq.o(i.USBD_ParseSetupRequest)
    i.USBD_RegisterClass                     0x08002dc0   Section        0  usbd_core.o(i.USBD_RegisterClass)
    i.USBD_SetClassConfig                    0x08002dd0   Section        0  usbd_core.o(i.USBD_SetClassConfig)
    i.USBD_SetConfig                         0x08002de8   Section        0  usbd_ctlreq.o(i.USBD_SetConfig)
    USBD_SetConfig                           0x08002de9   Thumb Code   128  usbd_ctlreq.o(i.USBD_SetConfig)
    i.USBD_Start                             0x08002e6c   Section        0  usbd_core.o(i.USBD_Start)
    i.USBD_StdDevReq                         0x08002e76   Section        0  usbd_ctlreq.o(i.USBD_StdDevReq)
    i.USBD_StdEPReq                          0x08002f88   Section        0  usbd_ctlreq.o(i.USBD_StdEPReq)
    i.USBD_StdItfReq                         0x080030d8   Section        0  usbd_ctlreq.o(i.USBD_StdItfReq)
    i.USBD_static_free                       0x08003126   Section        0  usbd_conf.o(i.USBD_static_free)
    i.USBD_static_malloc                     0x08003128   Section        0  usbd_conf.o(i.USBD_static_malloc)
    i.USB_ActivateEndpoint                   0x08003130   Section        0  stm32f1xx_ll_usb.o(i.USB_ActivateEndpoint)
    i.USB_CoreInit                           0x08003396   Section        0  stm32f1xx_ll_usb.o(i.USB_CoreInit)
    i.USB_DeactivateEndpoint                 0x0800339a   Section        0  stm32f1xx_ll_usb.o(i.USB_DeactivateEndpoint)
    i.USB_DevConnect                         0x080034a8   Section        0  stm32f1xx_ll_usb.o(i.USB_DevConnect)
    i.USB_DevDisconnect                      0x080034ac   Section        0  stm32f1xx_ll_usb.o(i.USB_DevDisconnect)
    i.USB_DevInit                            0x080034b0   Section        0  stm32f1xx_ll_usb.o(i.USB_DevInit)
    i.USB_DisableGlobalInt                   0x080034ce   Section        0  stm32f1xx_ll_usb.o(i.USB_DisableGlobalInt)
    i.USB_EP0_OutStart                       0x080034dc   Section        0  stm32f1xx_ll_usb.o(i.USB_EP0_OutStart)
    i.USB_EPClearStall                       0x080034e0   Section        0  stm32f1xx_ll_usb.o(i.USB_EPClearStall)
    i.USB_EPSetStall                         0x08003558   Section        0  stm32f1xx_ll_usb.o(i.USB_EPSetStall)
    i.USB_EPStartXfer                        0x0800358a   Section        0  stm32f1xx_ll_usb.o(i.USB_EPStartXfer)
    i.USB_EnableGlobalInt                    0x08003726   Section        0  stm32f1xx_ll_usb.o(i.USB_EnableGlobalInt)
    i.USB_LP_CAN1_RX0_IRQHandler             0x08003734   Section        0  stm32f1xx_it.o(i.USB_LP_CAN1_RX0_IRQHandler)
    i.USB_ReadInterrupts                     0x08003740   Section        0  stm32f1xx_ll_usb.o(i.USB_ReadInterrupts)
    i.USB_ReadPMA                            0x08003748   Section        0  stm32f1xx_ll_usb.o(i.USB_ReadPMA)
    i.USB_SetCurrentMode                     0x08003774   Section        0  stm32f1xx_ll_usb.o(i.USB_SetCurrentMode)
    i.USB_SetDevAddress                      0x08003778   Section        0  stm32f1xx_ll_usb.o(i.USB_SetDevAddress)
    i.USB_WritePMA                           0x08003784   Section        0  stm32f1xx_ll_usb.o(i.USB_WritePMA)
    i.UsageFault_Handler                     0x080037aa   Section        0  stm32f1xx_it.o(i.UsageFault_Handler)
    i.__NVIC_SetPriority                     0x080037ac   Section        0  stm32f1xx_hal_cortex.o(i.__NVIC_SetPriority)
    __NVIC_SetPriority                       0x080037ad   Thumb Code    32  stm32f1xx_hal_cortex.o(i.__NVIC_SetPriority)
    i.__scatterload_copy                     0x080037cc   Section       14  handlers.o(i.__scatterload_copy)
    i.__scatterload_null                     0x080037da   Section        2  handlers.o(i.__scatterload_null)
    i.__scatterload_zeroinit                 0x080037dc   Section       14  handlers.o(i.__scatterload_zeroinit)
    i.controlCore                            0x080037ec   Section        0  ctr.o(i.controlCore)
    i.delay_cycles                           0x0800477c   Section        0  extfls.o(i.delay_cycles)
    i.editCfg                                0x08004788   Section        0  main.o(i.editCfg)
    i.extdac_out                             0x080048d4   Section        0  extfls.o(i.extdac_out)
    i.get_data                               0x08004958   Section        0  extfls.o(i.get_data)
    i.main                                   0x080049c4   Section        0  main.o(i.main)
    i.vout_level                             0x08004f90   Section        0  extfls.o(i.vout_level)
    .constdata                               0x0800501c   Section        8  main.o(.constdata)
    .constdata                               0x08005024   Section       16  system_stm32f1xx.o(.constdata)
    .data                                    0x20000000   Section      328  main.o(.data)
    wrcnt                                    0x2000000c   Data           4  main.o(.data)
    .data                                    0x20000148   Section        4  main.o(.data)
    .data                                    0x2000014c   Section        4  main.o(.data)
    .data                                    0x20000150   Section        4  main.o(.data)
    .data                                    0x20000154   Section        4  main.o(.data)
    .data                                    0x20000158   Section        4  main.o(.data)
    .data                                    0x2000015c   Section        4  main.o(.data)
    .data                                    0x20000160   Section        4  main.o(.data)
    .data                                    0x20000164   Section        4  main.o(.data)
    .data                                    0x20000168   Section        4  main.o(.data)
    .data                                    0x2000016c   Section        4  ctr.o(.data)
    .data                                    0x20000170   Section       28  usbd_desc.o(.data)
    .data                                    0x2000018c   Section       50  usbd_desc.o(.data)
    .data                                    0x200001c0   Section       16  usbd_cdc_if.o(.data)
    .data                                    0x200001d0   Section       12  stm32f1xx_hal.o(.data)
    .data                                    0x200001dc   Section        4  system_stm32f1xx.o(.data)
    .data                                    0x200001e0   Section        1  usbd_ctlreq.o(.data)
    cfgidx                                   0x200001e0   Data           1  usbd_ctlreq.o(.data)
    .data                                    0x200001e4   Section      215  usbd_cdc.o(.data)
    USBD_CDC_DeviceQualifierDesc             0x200001e4   Data          10  usbd_cdc.o(.data)
    .data                                    0x200002bc   Section       56  usbd_cdc.o(.data)
    .bss                                     0x200002f4   Section      597  main.o(.bss)
    .bss                                     0x2000054c   Section      512  main.o(.bss)
    .bss                                     0x2000074c   Section      708  usb_device.o(.bss)
    .bss                                     0x20000a10   Section      512  usbd_desc.o(.bss)
    .bss                                     0x20000c10   Section     2000  usbd_cdc_if.o(.bss)
    .bss                                     0x200013e0   Section     1164  usbd_conf.o(.bss)
    mem                                      0x200013e0   Data         544  usbd_conf.o(.bss)
    .bss                                     0x20001870   Section       32  stm32f1xx_hal_flash.o(.bss)
    STACK                                    0x20001890   Section    10240  startup_stm32f103xb.o(STACK)

    Global Symbols

    Symbol Name                              Value     Ov Type        Size  Object(Section)

    BuildAttributes$$THM_ISAv4$P$D$K$B$S$PE$A:L22UL41UL21$X:L11$S22US41US21$IEEE1$IW$USESV6$~STKCKD$USESV7$~SHL$OTIME$ROPI$EBA8$MICROLIB$REQ8$PRES8$EABIv2 0x00000000   Number         0  anon$$obj.o ABSOLUTE
    __ARM_use_no_argv                        0x00000000   Number         0  main.o ABSOLUTE
    __cpp_initialize__aeabi_                  - Undefined Weak Reference
    __cxa_finalize                            - Undefined Weak Reference
    _clock_init                               - Undefined Weak Reference
    _microlib_exit                            - Undefined Weak Reference
    __Vectors_Size                           0x000000ec   Number         0  startup_stm32f103xb.o ABSOLUTE
    __Vectors                                0x08000000   Data           4  startup_stm32f103xb.o(RESET)
    __Vectors_End                            0x080000ec   Data           0  startup_stm32f103xb.o(RESET)
    __main                                   0x080000ed   Thumb Code     0  entry.o(.ARM.Collect$$$$00000000)
    _main_stk                                0x080000ed   Thumb Code     0  entry2.o(.ARM.Collect$$$$00000001)
    _main_scatterload                        0x080000f1   Thumb Code     0  entry5.o(.ARM.Collect$$$$00000004)
    __main_after_scatterload                 0x080000f5   Thumb Code     0  entry5.o(.ARM.Collect$$$$00000004)
    _main_clock                              0x080000f5   Thumb Code     0  entry7b.o(.ARM.Collect$$$$00000008)
    _main_cpp_init                           0x080000f5   Thumb Code     0  entry8b.o(.ARM.Collect$$$$0000000A)
    _main_init                               0x080000f5   Thumb Code     0  entry9a.o(.ARM.Collect$$$$0000000B)
    __rt_final_cpp                           0x080000fd   Thumb Code     0  entry10a.o(.ARM.Collect$$$$0000000D)
    __rt_final_exit                          0x080000fd   Thumb Code     0  entry11a.o(.ARM.Collect$$$$0000000F)
    Reset_Handler                            0x08000101   Thumb Code     8  startup_stm32f103xb.o(.text)
    ADC1_2_IRQHandler                        0x0800011b   Thumb Code     0  startup_stm32f103xb.o(.text)
    CAN1_RX1_IRQHandler                      0x0800011b   Thumb Code     0  startup_stm32f103xb.o(.text)
    CAN1_SCE_IRQHandler                      0x0800011b   Thumb Code     0  startup_stm32f103xb.o(.text)
    DMA1_Channel1_IRQHandler                 0x0800011b   Thumb Code     0  startup_stm32f103xb.o(.text)
    DMA1_Channel2_IRQHandler                 0x0800011b   Thumb Code     0  startup_stm32f103xb.o(.text)
    DMA1_Channel3_IRQHandler                 0x0800011b   Thumb Code     0  startup_stm32f103xb.o(.text)
    DMA1_Channel4_IRQHandler                 0x0800011b   Thumb Code     0  startup_stm32f103xb.o(.text)
    DMA1_Channel5_IRQHandler                 0x0800011b   Thumb Code     0  startup_stm32f103xb.o(.text)
    DMA1_Channel6_IRQHandler                 0x0800011b   Thumb Code     0  startup_stm32f103xb.o(.text)
    DMA1_Channel7_IRQHandler                 0x0800011b   Thumb Code     0  startup_stm32f103xb.o(.text)
    EXTI0_IRQHandler                         0x0800011b   Thumb Code     0  startup_stm32f103xb.o(.text)
    EXTI15_10_IRQHandler                     0x0800011b   Thumb Code     0  startup_stm32f103xb.o(.text)
    EXTI1_IRQHandler                         0x0800011b   Thumb Code     0  startup_stm32f103xb.o(.text)
    EXTI3_IRQHandler                         0x0800011b   Thumb Code     0  startup_stm32f103xb.o(.text)
    EXTI4_IRQHandler                         0x0800011b   Thumb Code     0  startup_stm32f103xb.o(.text)
    EXTI9_5_IRQHandler                       0x0800011b   Thumb Code     0  startup_stm32f103xb.o(.text)
    FLASH_IRQHandler                         0x0800011b   Thumb Code     0  startup_stm32f103xb.o(.text)
    I2C1_ER_IRQHandler                       0x0800011b   Thumb Code     0  startup_stm32f103xb.o(.text)
    I2C1_EV_IRQHandler                       0x0800011b   Thumb Code     0  startup_stm32f103xb.o(.text)
    I2C2_ER_IRQHandler                       0x0800011b   Thumb Code     0  startup_stm32f103xb.o(.text)
    I2C2_EV_IRQHandler                       0x0800011b   Thumb Code     0  startup_stm32f103xb.o(.text)
    PVD_IRQHandler                           0x0800011b   Thumb Code     0  startup_stm32f103xb.o(.text)
    RCC_IRQHandler                           0x0800011b   Thumb Code     0  startup_stm32f103xb.o(.text)
    RTC_Alarm_IRQHandler                     0x0800011b   Thumb Code     0  startup_stm32f103xb.o(.text)
    RTC_IRQHandler                           0x0800011b   Thumb Code     0  startup_stm32f103xb.o(.text)
    SPI1_IRQHandler                          0x0800011b   Thumb Code     0  startup_stm32f103xb.o(.text)
    SPI2_IRQHandler                          0x0800011b   Thumb Code     0  startup_stm32f103xb.o(.text)
    TAMPER_IRQHandler                        0x0800011b   Thumb Code     0  startup_stm32f103xb.o(.text)
    TIM1_BRK_IRQHandler                      0x0800011b   Thumb Code     0  startup_stm32f103xb.o(.text)
    TIM1_CC_IRQHandler                       0x0800011b   Thumb Code     0  startup_stm32f103xb.o(.text)
    TIM1_TRG_COM_IRQHandler                  0x0800011b   Thumb Code     0  startup_stm32f103xb.o(.text)
    TIM1_UP_IRQHandler                       0x0800011b   Thumb Code     0  startup_stm32f103xb.o(.text)
    TIM2_IRQHandler                          0x0800011b   Thumb Code     0  startup_stm32f103xb.o(.text)
    TIM3_IRQHandler                          0x0800011b   Thumb Code     0  startup_stm32f103xb.o(.text)
    TIM4_IRQHandler                          0x0800011b   Thumb Code     0  startup_stm32f103xb.o(.text)
    USART1_IRQHandler                        0x0800011b   Thumb Code     0  startup_stm32f103xb.o(.text)
    USART2_IRQHandler                        0x0800011b   Thumb Code     0  startup_stm32f103xb.o(.text)
    USART3_IRQHandler                        0x0800011b   Thumb Code     0  startup_stm32f103xb.o(.text)
    USBWakeUp_IRQHandler                     0x0800011b   Thumb Code     0  startup_stm32f103xb.o(.text)
    USB_HP_CAN1_TX_IRQHandler                0x0800011b   Thumb Code     0  startup_stm32f103xb.o(.text)
    WWDG_IRQHandler                          0x0800011b   Thumb Code     0  startup_stm32f103xb.o(.text)
    __aeabi_llsr                             0x08000125   Thumb Code    32  llushr.o(.text)
    _ll_ushift_r                             0x08000125   Thumb Code     0  llushr.o(.text)
    __aeabi_memcpy                           0x08000145   Thumb Code    36  memcpya.o(.text)
    __aeabi_memcpy4                          0x08000145   Thumb Code     0  memcpya.o(.text)
    __aeabi_memcpy8                          0x08000145   Thumb Code     0  memcpya.o(.text)
    __aeabi_memset                           0x08000169   Thumb Code    14  memseta.o(.text)
    __aeabi_memset4                          0x08000169   Thumb Code     0  memseta.o(.text)
    __aeabi_memset8                          0x08000169   Thumb Code     0  memseta.o(.text)
    __aeabi_memclr                           0x08000177   Thumb Code     4  memseta.o(.text)
    __aeabi_memclr4                          0x08000177   Thumb Code     0  memseta.o(.text)
    __aeabi_memclr8                          0x08000177   Thumb Code     0  memseta.o(.text)
    _memset$wrapper                          0x0800017b   Thumb Code    18  memseta.o(.text)
    __aeabi_fadd                             0x0800018d   Thumb Code   164  fadd.o(.text)
    __aeabi_fsub                             0x08000231   Thumb Code     6  fadd.o(.text)
    __aeabi_frsub                            0x08000237   Thumb Code     6  fadd.o(.text)
    __aeabi_fmul                             0x0800023d   Thumb Code   100  fmul.o(.text)
    __aeabi_fdiv                             0x080002a1   Thumb Code   124  fdiv.o(.text)
    __ARM_scalbnf                            0x0800031d   Thumb Code    24  fscalb.o(.text)
    scalbnf                                  0x0800031d   Thumb Code     0  fscalb.o(.text)
    __aeabi_dadd                             0x08000335   Thumb Code   322  dadd.o(.text)
    __aeabi_dsub                             0x08000477   Thumb Code     6  dadd.o(.text)
    __aeabi_drsub                            0x0800047d   Thumb Code     6  dadd.o(.text)
    __aeabi_dmul                             0x08000483   Thumb Code   228  dmul.o(.text)
    __aeabi_ddiv                             0x08000567   Thumb Code   222  ddiv.o(.text)
    __ARM_scalbn                             0x08000645   Thumb Code    46  dscalb.o(.text)
    scalbn                                   0x08000645   Thumb Code     0  dscalb.o(.text)
    __aeabi_i2f                              0x08000673   Thumb Code    18  fflti.o(.text)
    __aeabi_i2d                              0x08000685   Thumb Code    34  dflti.o(.text)
    __aeabi_f2iz                             0x080006a7   Thumb Code    50  ffixi.o(.text)
    __aeabi_d2iz                             0x080006d9   Thumb Code    62  dfixi.o(.text)
    __aeabi_f2d                              0x08000717   Thumb Code    38  f2d.o(.text)
    __aeabi_cdcmpeq                          0x0800073d   Thumb Code     0  cdcmple.o(.text)
    __aeabi_cdcmple                          0x0800073d   Thumb Code    48  cdcmple.o(.text)
    __aeabi_cdrcmple                         0x0800076d   Thumb Code    48  cdrcmple.o(.text)
    __aeabi_d2f                              0x0800079d   Thumb Code    56  d2f.o(.text)
    __aeabi_llsl                             0x080007d5   Thumb Code    30  llshl.o(.text)
    _ll_shift_l                              0x080007d5   Thumb Code     0  llshl.o(.text)
    __aeabi_lasr                             0x080007f3   Thumb Code    36  llsshr.o(.text)
    _ll_sshift_r                             0x080007f3   Thumb Code     0  llsshr.o(.text)
    __I$use$fp                               0x08000817   Thumb Code     0  iusefp.o(.text)
    _float_round                             0x08000817   Thumb Code    18  fepilogue.o(.text)
    _float_epilogue                          0x08000829   Thumb Code    92  fepilogue.o(.text)
    _double_round                            0x08000885   Thumb Code    30  depilogue.o(.text)
    _double_epilogue                         0x080008a3   Thumb Code   156  depilogue.o(.text)
    __scatterload                            0x08000941   Thumb Code    28  init.o(.text)
    __scatterload_rt2                        0x08000941   Thumb Code     0  init.o(.text)
    __decompress                             0x08000965   Thumb Code     0  __dczerorl2.o(.text)
    __decompress1                            0x08000965   Thumb Code    86  __dczerorl2.o(.text)
    BusFault_Handler                         0x080009bb   Thumb Code     2  stm32f1xx_it.o(i.BusFault_Handler)
    CDC_Transmit_FS                          0x08000a1d   Thumb Code    38  usbd_cdc_if.o(i.CDC_Transmit_FS)
    DebugMon_Handler                         0x08000a49   Thumb Code     2  stm32f1xx_it.o(i.DebugMon_Handler)
    EXTI2_IRQHandler                         0x08000a4d   Thumb Code    16  stm32f1xx_it.o(i.EXTI2_IRQHandler)
    Error_Handler                            0x08000a61   Thumb Code     2  main.o(i.Error_Handler)
    FLASH_PageErase                          0x08000a89   Thumb Code    28  stm32f1xx_hal_flash_ex.o(i.FLASH_PageErase)
    FLASH_WaitForLastOperation               0x08000b25   Thumb Code    80  stm32f1xx_hal_flash.o(i.FLASH_WaitForLastOperation)
    HAL_Delay                                0x08000b79   Thumb Code    32  stm32f1xx_hal.o(i.HAL_Delay)
    HAL_FLASHEx_Erase                        0x08000b9d   Thumb Code   160  stm32f1xx_hal_flash_ex.o(i.HAL_FLASHEx_Erase)
    HAL_FLASH_Lock                           0x08000c45   Thumb Code    14  stm32f1xx_hal_flash.o(i.HAL_FLASH_Lock)
    HAL_FLASH_Program                        0x08000c59   Thumb Code   120  stm32f1xx_hal_flash.o(i.HAL_FLASH_Program)
    HAL_FLASH_Unlock                         0x08000cd9   Thumb Code    28  stm32f1xx_hal_flash.o(i.HAL_FLASH_Unlock)
    HAL_GPIO_EXTI_Callback                   0x08000d01   Thumb Code     2  stm32f1xx_hal_gpio.o(i.HAL_GPIO_EXTI_Callback)
    HAL_GPIO_EXTI_IRQHandler                 0x08000d05   Thumb Code    18  stm32f1xx_hal_gpio.o(i.HAL_GPIO_EXTI_IRQHandler)
    HAL_GPIO_Init                            0x08000d1d   Thumb Code   446  stm32f1xx_hal_gpio.o(i.HAL_GPIO_Init)
    HAL_GPIO_WritePin                        0x08000efd   Thumb Code    10  stm32f1xx_hal_gpio.o(i.HAL_GPIO_WritePin)
    HAL_GetTick                              0x08000f09   Thumb Code     6  stm32f1xx_hal.o(i.HAL_GetTick)
    HAL_IncTick                              0x08000f15   Thumb Code    12  stm32f1xx_hal.o(i.HAL_IncTick)
    HAL_Init                                 0x08000f25   Thumb Code    32  stm32f1xx_hal.o(i.HAL_Init)
    HAL_InitTick                             0x08000f49   Thumb Code    54  stm32f1xx_hal.o(i.HAL_InitTick)
    HAL_MspInit                              0x08000f89   Thumb Code    52  stm32f1xx_hal_msp.o(i.HAL_MspInit)
    HAL_NVIC_EnableIRQ                       0x08000fc5   Thumb Code    26  stm32f1xx_hal_cortex.o(i.HAL_NVIC_EnableIRQ)
    HAL_NVIC_SetPriority                     0x08000fe1   Thumb Code    60  stm32f1xx_hal_cortex.o(i.HAL_NVIC_SetPriority)
    HAL_NVIC_SetPriorityGrouping             0x08001021   Thumb Code    26  stm32f1xx_hal_cortex.o(i.HAL_NVIC_SetPriorityGrouping)
    HAL_PCDEx_PMAConfig                      0x08001045   Thumb Code    52  stm32f1xx_hal_pcd_ex.o(i.HAL_PCDEx_PMAConfig)
    HAL_PCDEx_SetConnectionState             0x08001079   Thumb Code     2  usbd_conf.o(i.HAL_PCDEx_SetConnectionState)
    HAL_PCD_DataInStageCallback              0x0800107b   Thumb Code    14  usbd_conf.o(i.HAL_PCD_DataInStageCallback)
    HAL_PCD_DataOutStageCallback             0x08001089   Thumb Code    16  usbd_conf.o(i.HAL_PCD_DataOutStageCallback)
    HAL_PCD_EP_Close                         0x08001099   Thumb Code    72  stm32f1xx_hal_pcd.o(i.HAL_PCD_EP_Close)
    HAL_PCD_EP_ClrStall                      0x080010e1   Thumb Code    88  stm32f1xx_hal_pcd.o(i.HAL_PCD_EP_ClrStall)
    HAL_PCD_EP_GetRxCount                    0x08001139   Thumb Code    14  stm32f1xx_hal_pcd.o(i.HAL_PCD_EP_GetRxCount)
    HAL_PCD_EP_Open                          0x08001147   Thumb Code    92  stm32f1xx_hal_pcd.o(i.HAL_PCD_EP_Open)
    HAL_PCD_EP_Receive                       0x080011a3   Thumb Code    46  stm32f1xx_hal_pcd.o(i.HAL_PCD_EP_Receive)
    HAL_PCD_EP_SetStall                      0x080011d1   Thumb Code   106  stm32f1xx_hal_pcd.o(i.HAL_PCD_EP_SetStall)
    HAL_PCD_EP_Transmit                      0x0800123b   Thumb Code    42  stm32f1xx_hal_pcd.o(i.HAL_PCD_EP_Transmit)
    HAL_PCD_IRQHandler                       0x08001265   Thumb Code   278  stm32f1xx_hal_pcd.o(i.HAL_PCD_IRQHandler)
    HAL_PCD_Init                             0x0800137d   Thumb Code   210  stm32f1xx_hal_pcd.o(i.HAL_PCD_Init)
    HAL_PCD_MspInit                          0x08001451   Thumb Code    50  usbd_conf.o(i.HAL_PCD_MspInit)
    HAL_PCD_ResetCallback                    0x0800148d   Thumb Code    38  usbd_conf.o(i.HAL_PCD_ResetCallback)
    HAL_PCD_ResumeCallback                   0x080014b3   Thumb Code     8  usbd_conf.o(i.HAL_PCD_ResumeCallback)
    HAL_PCD_SOFCallback                      0x080014bb   Thumb Code     8  usbd_conf.o(i.HAL_PCD_SOFCallback)
    HAL_PCD_SetAddress                       0x080014c3   Thumb Code    40  stm32f1xx_hal_pcd.o(i.HAL_PCD_SetAddress)
    HAL_PCD_SetupStageCallback               0x080014eb   Thumb Code    14  usbd_conf.o(i.HAL_PCD_SetupStageCallback)
    HAL_PCD_Start                            0x080014f9   Thumb Code    50  stm32f1xx_hal_pcd.o(i.HAL_PCD_Start)
    HAL_PCD_SuspendCallback                  0x0800152d   Thumb Code    30  usbd_conf.o(i.HAL_PCD_SuspendCallback)
    HAL_RCCEx_PeriphCLKConfig                0x08001551   Thumb Code   224  stm32f1xx_hal_rcc_ex.o(i.HAL_RCCEx_PeriphCLKConfig)
    HAL_RCC_ClockConfig                      0x0800163d   Thumb Code   280  stm32f1xx_hal_rcc.o(i.HAL_RCC_ClockConfig)
    HAL_RCC_GetSysClockFreq                  0x08001769   Thumb Code    74  stm32f1xx_hal_rcc.o(i.HAL_RCC_GetSysClockFreq)
    HAL_RCC_OscConfig                        0x080017d5   Thumb Code   778  stm32f1xx_hal_rcc.o(i.HAL_RCC_OscConfig)
    HAL_SPI_Init                             0x08001af5   Thumb Code   124  stm32f1xx_hal_spi.o(i.HAL_SPI_Init)
    HAL_SPI_MspInit                          0x08001b71   Thumb Code    98  stm32f1xx_hal_msp.o(i.HAL_SPI_MspInit)
    HAL_SPI_TransmitReceive                  0x08001be1   Thumb Code   482  stm32f1xx_hal_spi.o(i.HAL_SPI_TransmitReceive)
    HAL_SYSTICK_Config                       0x08001dc3   Thumb Code    40  stm32f1xx_hal_cortex.o(i.HAL_SYSTICK_Config)
    HardFault_Handler                        0x08001deb   Thumb Code     2  stm32f1xx_it.o(i.HardFault_Handler)
    MX_USB_DEVICE_Init                       0x08001fa5   Thumb Code    66  usb_device.o(i.MX_USB_DEVICE_Init)
    MemManage_Handler                        0x08001ff9   Thumb Code     2  stm32f1xx_it.o(i.MemManage_Handler)
    NMI_Handler                              0x08001ffb   Thumb Code     2  stm32f1xx_it.o(i.NMI_Handler)
    PendSV_Handler                           0x080022bf   Thumb Code     2  stm32f1xx_it.o(i.PendSV_Handler)
    SPI_FPGA_Read                            0x080022e1   Thumb Code    34  extfls.o(i.SPI_FPGA_Read)
    SVC_Handler                              0x0800239d   Thumb Code     2  stm32f1xx_it.o(i.SVC_Handler)
    SysTick_Handler                          0x0800239f   Thumb Code     4  stm32f1xx_it.o(i.SysTick_Handler)
    SystemClock_Config                       0x080023a3   Thumb Code    96  main.o(i.SystemClock_Config)
    SystemInit                               0x08002405   Thumb Code    56  system_stm32f1xx.o(i.SystemInit)
    USBD_CDC_GetDeviceQualifierDescriptor    0x08002529   Thumb Code     8  usbd_cdc.o(i.USBD_CDC_GetDeviceQualifierDescriptor)
    USBD_CDC_ReceivePacket                   0x080025ed   Thumb Code    40  usbd_cdc.o(i.USBD_CDC_ReceivePacket)
    USBD_CDC_RegisterInterface               0x08002615   Thumb Code    16  usbd_cdc.o(i.USBD_CDC_RegisterInterface)
    USBD_CDC_SetRxBuffer                     0x08002625   Thumb Code    12  usbd_cdc.o(i.USBD_CDC_SetRxBuffer)
    USBD_CDC_SetTxBuffer                     0x08002631   Thumb Code    16  usbd_cdc.o(i.USBD_CDC_SetTxBuffer)
    USBD_CDC_TransmitPacket                  0x080026ed   Thumb Code    54  usbd_cdc.o(i.USBD_CDC_TransmitPacket)
    USBD_ClrClassConfig                      0x08002723   Thumb Code    14  usbd_core.o(i.USBD_ClrClassConfig)
    USBD_CtlContinueRx                       0x08002731   Thumb Code    16  usbd_ioreq.o(i.USBD_CtlContinueRx)
    USBD_CtlContinueSendData                 0x08002741   Thumb Code    16  usbd_ioreq.o(i.USBD_CtlContinueSendData)
    USBD_CtlError                            0x08002751   Thumb Code    22  usbd_ctlreq.o(i.USBD_CtlError)
    USBD_CtlPrepareRx                        0x08002767   Thumb Code    30  usbd_ioreq.o(i.USBD_CtlPrepareRx)
    USBD_CtlReceiveStatus                    0x08002785   Thumb Code    22  usbd_ioreq.o(i.USBD_CtlReceiveStatus)
    USBD_CtlSendData                         0x0800279b   Thumb Code    26  usbd_ioreq.o(i.USBD_CtlSendData)
    USBD_CtlSendStatus                       0x080027b5   Thumb Code    22  usbd_ioreq.o(i.USBD_CtlSendStatus)
    USBD_FS_ConfigStrDescriptor              0x080027cd   Thumb Code    16  usbd_desc.o(i.USBD_FS_ConfigStrDescriptor)
    USBD_FS_DeviceDescriptor                 0x080027ed   Thumb Code     8  usbd_desc.o(i.USBD_FS_DeviceDescriptor)
    USBD_FS_InterfaceStrDescriptor           0x080027f9   Thumb Code    16  usbd_desc.o(i.USBD_FS_InterfaceStrDescriptor)
    USBD_FS_LangIDStrDescriptor              0x0800281d   Thumb Code     8  usbd_desc.o(i.USBD_FS_LangIDStrDescriptor)
    USBD_FS_ManufacturerStrDescriptor        0x08002829   Thumb Code    16  usbd_desc.o(i.USBD_FS_ManufacturerStrDescriptor)
    USBD_FS_ProductStrDescriptor             0x08002851   Thumb Code    16  usbd_desc.o(i.USBD_FS_ProductStrDescriptor)
    USBD_FS_SerialStrDescriptor              0x0800287d   Thumb Code    48  usbd_desc.o(i.USBD_FS_SerialStrDescriptor)
    USBD_GetString                           0x0800299d   Thumb Code    72  usbd_ctlreq.o(i.USBD_GetString)
    USBD_Init                                0x080029fd   Thumb Code    42  usbd_core.o(i.USBD_Init)
    USBD_LL_ClearStallEP                     0x08002a27   Thumb Code    18  usbd_conf.o(i.USBD_LL_ClearStallEP)
    USBD_LL_CloseEP                          0x08002a39   Thumb Code    18  usbd_conf.o(i.USBD_LL_CloseEP)
    USBD_LL_DataInStage                      0x08002a4b   Thumb Code   198  usbd_core.o(i.USBD_LL_DataInStage)
    USBD_LL_DataOutStage                     0x08002b11   Thumb Code   130  usbd_core.o(i.USBD_LL_DataOutStage)
    USBD_LL_GetRxDataSize                    0x08002b93   Thumb Code     8  usbd_conf.o(i.USBD_LL_GetRxDataSize)
    USBD_LL_Init                             0x08002b9d   Thumb Code   118  usbd_conf.o(i.USBD_LL_Init)
    USBD_LL_IsStallEP                        0x08002c1d   Thumb Code    28  usbd_conf.o(i.USBD_LL_IsStallEP)
    USBD_LL_OpenEP                           0x08002c39   Thumb Code    24  usbd_conf.o(i.USBD_LL_OpenEP)
    USBD_LL_PrepareReceive                   0x08002c51   Thumb Code    18  usbd_conf.o(i.USBD_LL_PrepareReceive)
    USBD_LL_Reset                            0x08002c63   Thumb Code    80  usbd_core.o(i.USBD_LL_Reset)
    USBD_LL_Resume                           0x08002cb3   Thumb Code    20  usbd_core.o(i.USBD_LL_Resume)
    USBD_LL_SOF                              0x08002cc7   Thumb Code    24  usbd_core.o(i.USBD_LL_SOF)
    USBD_LL_SetSpeed                         0x08002cdf   Thumb Code     6  usbd_core.o(i.USBD_LL_SetSpeed)
    USBD_LL_SetUSBAddress                    0x08002ce5   Thumb Code    18  usbd_conf.o(i.USBD_LL_SetUSBAddress)
    USBD_LL_SetupStage                       0x08002cf7   Thumb Code    90  usbd_core.o(i.USBD_LL_SetupStage)
    USBD_LL_StallEP                          0x08002d51   Thumb Code    18  usbd_conf.o(i.USBD_LL_StallEP)
    USBD_LL_Start                            0x08002d63   Thumb Code    18  usbd_conf.o(i.USBD_LL_Start)
    USBD_LL_Suspend                          0x08002d75   Thumb Code    18  usbd_core.o(i.USBD_LL_Suspend)
    USBD_LL_Transmit                         0x08002d87   Thumb Code    18  usbd_conf.o(i.USBD_LL_Transmit)
    USBD_ParseSetupRequest                   0x08002d99   Thumb Code    40  usbd_ctlreq.o(i.USBD_ParseSetupRequest)
    USBD_RegisterClass                       0x08002dc1   Thumb Code    16  usbd_core.o(i.USBD_RegisterClass)
    USBD_SetClassConfig                      0x08002dd1   Thumb Code    22  usbd_core.o(i.USBD_SetClassConfig)
    USBD_Start                               0x08002e6d   Thumb Code    10  usbd_core.o(i.USBD_Start)
    USBD_StdDevReq                           0x08002e77   Thumb Code   274  usbd_ctlreq.o(i.USBD_StdDevReq)
    USBD_StdEPReq                            0x08002f89   Thumb Code   336  usbd_ctlreq.o(i.USBD_StdEPReq)
    USBD_StdItfReq                           0x080030d9   Thumb Code    78  usbd_ctlreq.o(i.USBD_StdItfReq)
    USBD_static_free                         0x08003127   Thumb Code     2  usbd_conf.o(i.USBD_static_free)
    USBD_static_malloc                       0x08003129   Thumb Code     4  usbd_conf.o(i.USBD_static_malloc)
    USB_ActivateEndpoint                     0x08003131   Thumb Code   614  stm32f1xx_ll_usb.o(i.USB_ActivateEndpoint)
    USB_CoreInit                             0x08003397   Thumb Code     4  stm32f1xx_ll_usb.o(i.USB_CoreInit)
    USB_DeactivateEndpoint                   0x0800339b   Thumb Code   270  stm32f1xx_ll_usb.o(i.USB_DeactivateEndpoint)
    USB_DevConnect                           0x080034a9   Thumb Code     4  stm32f1xx_ll_usb.o(i.USB_DevConnect)
    USB_DevDisconnect                        0x080034ad   Thumb Code     4  stm32f1xx_ll_usb.o(i.USB_DevDisconnect)
    USB_DevInit                              0x080034b1   Thumb Code    30  stm32f1xx_ll_usb.o(i.USB_DevInit)
    USB_DisableGlobalInt                     0x080034cf   Thumb Code    14  stm32f1xx_ll_usb.o(i.USB_DisableGlobalInt)
    USB_EP0_OutStart                         0x080034dd   Thumb Code     4  stm32f1xx_ll_usb.o(i.USB_EP0_OutStart)
    USB_EPClearStall                         0x080034e1   Thumb Code   120  stm32f1xx_ll_usb.o(i.USB_EPClearStall)
    USB_EPSetStall                           0x08003559   Thumb Code    50  stm32f1xx_ll_usb.o(i.USB_EPSetStall)
    USB_EPStartXfer                          0x0800358b   Thumb Code   412  stm32f1xx_ll_usb.o(i.USB_EPStartXfer)
    USB_EnableGlobalInt                      0x08003727   Thumb Code    14  stm32f1xx_ll_usb.o(i.USB_EnableGlobalInt)
    USB_LP_CAN1_RX0_IRQHandler               0x08003735   Thumb Code     6  stm32f1xx_it.o(i.USB_LP_CAN1_RX0_IRQHandler)
    USB_ReadInterrupts                       0x08003741   Thumb Code     6  stm32f1xx_ll_usb.o(i.USB_ReadInterrupts)
    USB_ReadPMA                              0x08003749   Thumb Code    44  stm32f1xx_ll_usb.o(i.USB_ReadPMA)
    USB_SetCurrentMode                       0x08003775   Thumb Code     4  stm32f1xx_ll_usb.o(i.USB_SetCurrentMode)
    USB_SetDevAddress                        0x08003779   Thumb Code    12  stm32f1xx_ll_usb.o(i.USB_SetDevAddress)
    USB_WritePMA                             0x08003785   Thumb Code    38  stm32f1xx_ll_usb.o(i.USB_WritePMA)
    UsageFault_Handler                       0x080037ab   Thumb Code     2  stm32f1xx_it.o(i.UsageFault_Handler)
    __scatterload_copy                       0x080037cd   Thumb Code    14  handlers.o(i.__scatterload_copy)
    __scatterload_null                       0x080037db   Thumb Code     2  handlers.o(i.__scatterload_null)
    __scatterload_zeroinit                   0x080037dd   Thumb Code    14  handlers.o(i.__scatterload_zeroinit)
    controlCore                              0x080037ed   Thumb Code  3938  ctr.o(i.controlCore)
    delay_cycles                             0x0800477d   Thumb Code    12  extfls.o(i.delay_cycles)
    editCfg                                  0x08004789   Thumb Code   310  main.o(i.editCfg)
    extdac_out                               0x080048d5   Thumb Code   124  extfls.o(i.extdac_out)
    get_data                                 0x08004959   Thumb Code   108  extfls.o(i.get_data)
    main                                     0x080049c5   Thumb Code  1458  main.o(i.main)
    vout_level                               0x08004f91   Thumb Code   124  extfls.o(i.vout_level)
    AHBPrescTable                            0x08005024   Data          16  system_stm32f1xx.o(.constdata)
    Region$$Table$$Base                      0x08005034   Number         0  anon$$obj.o(Region$$Table)
    Region$$Table$$Limit                     0x08005054   Number         0  anon$$obj.o(Region$$Table)
    g_bAdcOver                               0x20000000   Data           1  main.o(.data)
    recvCnt                                  0x20000001   Data           1  main.o(.data)
    controlMode                              0x20000002   Data           1  main.o(.data)
    devType                                  0x20000003   Data           1  main.o(.data)
    cfgAv                                    0x20000004   Data           1  main.o(.data)
    reading_adr                              0x20000008   Data           4  main.o(.data)
    stableStaus                              0x20000010   Data           4  main.o(.data)
    z                                        0x20000014   Data           4  main.o(.data)
    target                                   0x20000018   Data           4  main.o(.data)
    hForc                                    0x2000001c   Data           4  main.o(.data)
    hPosi                                    0x20000020   Data           4  main.o(.data)
    tmp0                                     0x20000024   Data           4  main.o(.data)
    sMaxThre                                 0x20000028   Data           8  main.o(.data)
    sMaxOp                                   0x20000030   Data           8  main.o(.data)
    sSndThre                                 0x20000038   Data           8  main.o(.data)
    sSndP                                    0x20000040   Data           8  main.o(.data)
    sSndI                                    0x20000048   Data           8  main.o(.data)
    sTrdI                                    0x20000050   Data           8  main.o(.data)
    sTrdD                                    0x20000058   Data           8  main.o(.data)
    sTrdDF                                   0x20000060   Data           8  main.o(.data)
    sClsThre                                 0x20000068   Data           8  main.o(.data)
    sStbT                                    0x20000070   Data           8  main.o(.data)
    SLB                                      0x20000078   Data           8  main.o(.data)
    dsDif                                    0x20000080   Data           8  main.o(.data)
    dsChgT                                   0x20000088   Data           8  main.o(.data)
    dsChgV                                   0x20000090   Data           8  main.o(.data)
    dsMaxOp                                  0x20000098   Data           8  main.o(.data)
    fMaxThre                                 0x200000a0   Data           8  main.o(.data)
    fMaxOp                                   0x200000a8   Data           8  main.o(.data)
    fSndThre                                 0x200000b0   Data           8  main.o(.data)
    fSndP                                    0x200000b8   Data           8  main.o(.data)
    fSndI                                    0x200000c0   Data           8  main.o(.data)
    fTrdI                                    0x200000c8   Data           8  main.o(.data)
    fTrdD                                    0x200000d0   Data           8  main.o(.data)
    fTrdDF                                   0x200000d8   Data           8  main.o(.data)
    fClsThre                                 0x200000e0   Data           8  main.o(.data)
    fSpcI                                    0x200000e8   Data           8  main.o(.data)
    fReMThre                                 0x200000f0   Data           8  main.o(.data)
    fReMP                                    0x200000f8   Data           8  main.o(.data)
    fStbT                                    0x20000100   Data           8  main.o(.data)
    dfDif                                    0x20000108   Data           8  main.o(.data)
    dfChgT                                   0x20000110   Data           8  main.o(.data)
    dfChgV                                   0x20000118   Data           8  main.o(.data)
    dfMaxOp                                  0x20000120   Data           8  main.o(.data)
    dfSpcT                                   0x20000128   Data           8  main.o(.data)
    dfSpcI                                   0x20000130   Data           8  main.o(.data)
    dfSpcM                                   0x20000138   Data           8  main.o(.data)
    dfDifZThre                               0x20000140   Data           8  main.o(.data)
    error                                    0x20000148   Data           4  main.o(.data)
    lastError                                0x2000014c   Data           4  main.o(.data)
    zInt                                     0x20000150   Data           4  main.o(.data)
    zSlo                                     0x20000154   Data           4  main.o(.data)
    zTrn                                     0x20000158   Data           4  main.o(.data)
    zBas                                     0x2000015c   Data           4  main.o(.data)
    stableCnt                                0x20000160   Data           4  main.o(.data)
    stableVec                                0x20000164   Data           4  main.o(.data)
    pt                                       0x20000168   Data           4  main.o(.data)
    lpCnt                                    0x2000016c   Data           4  ctr.o(.data)
    FS_Desc                                  0x20000170   Data          28  usbd_desc.o(.data)
    USBD_LangIDDesc                          0x2000018c   Data           4  usbd_desc.o(.data)
    USBD_FS_DeviceDesc                       0x20000190   Data          18  usbd_desc.o(.data)
    USBD_StringSerial                        0x200001a4   Data          26  usbd_desc.o(.data)
    USBD_Interface_fops_FS                   0x200001c0   Data          16  usbd_cdc_if.o(.data)
    uwTickFreq                               0x200001d0   Data           1  stm32f1xx_hal.o(.data)
    uwTickPrio                               0x200001d4   Data           4  stm32f1xx_hal.o(.data)
    uwTick                                   0x200001d8   Data           4  stm32f1xx_hal.o(.data)
    SystemCoreClock                          0x200001dc   Data           4  system_stm32f1xx.o(.data)
    USBD_CDC_CfgHSDesc                       0x200001f0   Data          67  usbd_cdc.o(.data)
    USBD_CDC_CfgFSDesc                       0x20000234   Data          67  usbd_cdc.o(.data)
    USBD_CDC_OtherSpeedCfgDesc               0x20000278   Data          67  usbd_cdc.o(.data)
    USBD_CDC                                 0x200002bc   Data          56  usbd_cdc.o(.data)
    hspi1                                    0x200002f4   Data          88  main.o(.bss)
    sendbuf                                  0x2000034c   Data          96  main.o(.bss)
    recvbuf                                  0x200003ac   Data          64  main.o(.bss)
    getr                                     0x200003ec   Data          32  main.o(.bss)
    fls0                                     0x2000040c   Data          16  main.o(.bss)
    cfgbuf                                   0x2000041c   Data         301  main.o(.bss)
    targetP                                  0x2000054c   Data         512  main.o(.bss)
    hUsbDeviceFS                             0x2000074c   Data         708  usb_device.o(.bss)
    USBD_StrDesc                             0x20000a10   Data         512  usbd_desc.o(.bss)
    UserRxBufferFS                           0x20000c10   Data        1000  usbd_cdc_if.o(.bss)
    UserTxBufferFS                           0x20000ff8   Data        1000  usbd_cdc_if.o(.bss)
    hpcd_USB_FS                              0x20001600   Data         620  usbd_conf.o(.bss)
    pFlash                                   0x20001870   Data          32  stm32f1xx_hal_flash.o(.bss)
    __initial_sp                             0x20004090   Data           0  startup_stm32f103xb.o(STACK)



==============================================================================

Memory Map of the image

  Image Entry point : 0x080000ed

  Load Region LR_IROM1 (Base: 0x08000000, Size: 0x00005348, Max: 0x00018000, ABSOLUTE, COMPRESSED[0x00005118])

    Execution Region ER_IROM1 (Exec base: 0x08000000, Load base: 0x08000000, Size: 0x00005054, Max: 0x00018000, ABSOLUTE)

    Exec Addr    Load Addr    Size         Type   Attr      Idx    E Section Name        Object

    0x08000000   0x08000000   0x000000ec   Data   RO            3    RESET               startup_stm32f103xb.o
    0x080000ec   0x080000ec   0x00000000   Code   RO         3139  * .ARM.Collect$$$$00000000  mc_w.l(entry.o)
    0x080000ec   0x080000ec   0x00000004   Code   RO         3182    .ARM.Collect$$$$00000001  mc_w.l(entry2.o)
    0x080000f0   0x080000f0   0x00000004   Code   RO         3185    .ARM.Collect$$$$00000004  mc_w.l(entry5.o)
    0x080000f4   0x080000f4   0x00000000   Code   RO         3187    .ARM.Collect$$$$00000008  mc_w.l(entry7b.o)
    0x080000f4   0x080000f4   0x00000000   Code   RO         3189    .ARM.Collect$$$$0000000A  mc_w.l(entry8b.o)
    0x080000f4   0x080000f4   0x00000008   Code   RO         3190    .ARM.Collect$$$$0000000B  mc_w.l(entry9a.o)
    0x080000fc   0x080000fc   0x00000000   Code   RO         3192    .ARM.Collect$$$$0000000D  mc_w.l(entry10a.o)
    0x080000fc   0x080000fc   0x00000000   Code   RO         3194    .ARM.Collect$$$$0000000F  mc_w.l(entry11a.o)
    0x080000fc   0x080000fc   0x00000004   Code   RO         3183    .ARM.Collect$$$$00002712  mc_w.l(entry2.o)
    0x08000100   0x08000100   0x00000024   Code   RO            4    .text               startup_stm32f103xb.o
    0x08000124   0x08000124   0x00000020   Code   RO         3142    .text               mc_w.l(llushr.o)
    0x08000144   0x08000144   0x00000024   Code   RO         3144    .text               mc_w.l(memcpya.o)
    0x08000168   0x08000168   0x00000024   Code   RO         3146    .text               mc_w.l(memseta.o)
    0x0800018c   0x0800018c   0x000000b0   Code   RO         3150    .text               mf_w.l(fadd.o)
    0x0800023c   0x0800023c   0x00000064   Code   RO         3152    .text               mf_w.l(fmul.o)
    0x080002a0   0x080002a0   0x0000007c   Code   RO         3154    .text               mf_w.l(fdiv.o)
    0x0800031c   0x0800031c   0x00000018   Code   RO         3156    .text               mf_w.l(fscalb.o)
    0x08000334   0x08000334   0x0000014e   Code   RO         3158    .text               mf_w.l(dadd.o)
    0x08000482   0x08000482   0x000000e4   Code   RO         3160    .text               mf_w.l(dmul.o)
    0x08000566   0x08000566   0x000000de   Code   RO         3162    .text               mf_w.l(ddiv.o)
    0x08000644   0x08000644   0x0000002e   Code   RO         3164    .text               mf_w.l(dscalb.o)
    0x08000672   0x08000672   0x00000012   Code   RO         3166    .text               mf_w.l(fflti.o)
    0x08000684   0x08000684   0x00000022   Code   RO         3168    .text               mf_w.l(dflti.o)
    0x080006a6   0x080006a6   0x00000032   Code   RO         3170    .text               mf_w.l(ffixi.o)
    0x080006d8   0x080006d8   0x0000003e   Code   RO         3172    .text               mf_w.l(dfixi.o)
    0x08000716   0x08000716   0x00000026   Code   RO         3174    .text               mf_w.l(f2d.o)
    0x0800073c   0x0800073c   0x00000030   Code   RO         3176    .text               mf_w.l(cdcmple.o)
    0x0800076c   0x0800076c   0x00000030   Code   RO         3178    .text               mf_w.l(cdrcmple.o)
    0x0800079c   0x0800079c   0x00000038   Code   RO         3180    .text               mf_w.l(d2f.o)
    0x080007d4   0x080007d4   0x0000001e   Code   RO         3196    .text               mc_w.l(llshl.o)
    0x080007f2   0x080007f2   0x00000024   Code   RO         3198    .text               mc_w.l(llsshr.o)
    0x08000816   0x08000816   0x00000000   Code   RO         3200    .text               mc_w.l(iusefp.o)
    0x08000816   0x08000816   0x0000006e   Code   RO         3201    .text               mf_w.l(fepilogue.o)
    0x08000884   0x08000884   0x000000ba   Code   RO         3203    .text               mf_w.l(depilogue.o)
    0x0800093e   0x0800093e   0x00000002   PAD
    0x08000940   0x08000940   0x00000024   Code   RO         3205    .text               mc_w.l(init.o)
    0x08000964   0x08000964   0x00000056   Code   RO         3215    .text               mc_w.l(__dczerorl2.o)
    0x080009ba   0x080009ba   0x00000002   Code   RO          362    i.BusFault_Handler  stm32f1xx_it.o
    0x080009bc   0x080009bc   0x00000004   Code   RO          648    i.CDC_Control_FS    usbd_cdc_if.o
    0x080009c0   0x080009c0   0x00000004   Code   RO          649    i.CDC_DeInit_FS     usbd_cdc_if.o
    0x080009c4   0x080009c4   0x00000024   Code   RO          650    i.CDC_Init_FS       usbd_cdc_if.o
    0x080009e8   0x080009e8   0x00000034   Code   RO          651    i.CDC_Receive_FS    usbd_cdc_if.o
    0x08000a1c   0x08000a1c   0x0000002c   Code   RO          652    i.CDC_Transmit_FS   usbd_cdc_if.o
    0x08000a48   0x08000a48   0x00000002   Code   RO          363    i.DebugMon_Handler  stm32f1xx_it.o
    0x08000a4a   0x08000a4a   0x00000002   PAD
    0x08000a4c   0x08000a4c   0x00000014   Code   RO          364    i.EXTI2_IRQHandler  stm32f1xx_it.o
    0x08000a60   0x08000a60   0x00000002   Code   RO          163    i.Error_Handler     main.o
    0x08000a62   0x08000a62   0x00000002   PAD
    0x08000a64   0x08000a64   0x00000024   Code   RO         2220    i.FLASH_MassErase   stm32f1xx_hal_flash_ex.o
    0x08000a88   0x08000a88   0x00000024   Code   RO         2225    i.FLASH_PageErase   stm32f1xx_hal_flash_ex.o
    0x08000aac   0x08000aac   0x0000001c   Code   RO         2117    i.FLASH_Program_HalfWord  stm32f1xx_hal_flash.o
    0x08000ac8   0x08000ac8   0x0000005c   Code   RO         2118    i.FLASH_SetErrorCode  stm32f1xx_hal_flash.o
    0x08000b24   0x08000b24   0x00000054   Code   RO         2119    i.FLASH_WaitForLastOperation  stm32f1xx_hal_flash.o
    0x08000b78   0x08000b78   0x00000024   Code   RO         1409    i.HAL_Delay         stm32f1xx_hal.o
    0x08000b9c   0x08000b9c   0x000000a8   Code   RO         2226    i.HAL_FLASHEx_Erase  stm32f1xx_hal_flash_ex.o
    0x08000c44   0x08000c44   0x00000014   Code   RO         2123    i.HAL_FLASH_Lock    stm32f1xx_hal_flash.o
    0x08000c58   0x08000c58   0x00000080   Code   RO         2128    i.HAL_FLASH_Program  stm32f1xx_hal_flash.o
    0x08000cd8   0x08000cd8   0x00000028   Code   RO         2130    i.HAL_FLASH_Unlock  stm32f1xx_hal_flash.o
    0x08000d00   0x08000d00   0x00000002   Code   RO         1715    i.HAL_GPIO_EXTI_Callback  stm32f1xx_hal_gpio.o
    0x08000d02   0x08000d02   0x00000002   PAD
    0x08000d04   0x08000d04   0x00000018   Code   RO         1716    i.HAL_GPIO_EXTI_IRQHandler  stm32f1xx_hal_gpio.o
    0x08000d1c   0x08000d1c   0x000001e0   Code   RO         1717    i.HAL_GPIO_Init     stm32f1xx_hal_gpio.o
    0x08000efc   0x08000efc   0x0000000a   Code   RO         1721    i.HAL_GPIO_WritePin  stm32f1xx_hal_gpio.o
    0x08000f06   0x08000f06   0x00000002   PAD
    0x08000f08   0x08000f08   0x0000000c   Code   RO         1413    i.HAL_GetTick       stm32f1xx_hal.o
    0x08000f14   0x08000f14   0x00000010   Code   RO         1419    i.HAL_IncTick       stm32f1xx_hal.o
    0x08000f24   0x08000f24   0x00000024   Code   RO         1420    i.HAL_Init          stm32f1xx_hal.o
    0x08000f48   0x08000f48   0x00000040   Code   RO         1421    i.HAL_InitTick      stm32f1xx_hal.o
    0x08000f88   0x08000f88   0x0000003c   Code   RO          453    i.HAL_MspInit       stm32f1xx_hal_msp.o
    0x08000fc4   0x08000fc4   0x0000001a   Code   RO         1877    i.HAL_NVIC_EnableIRQ  stm32f1xx_hal_cortex.o
    0x08000fde   0x08000fde   0x00000002   PAD
    0x08000fe0   0x08000fe0   0x00000040   Code   RO         1883    i.HAL_NVIC_SetPriority  stm32f1xx_hal_cortex.o
    0x08001020   0x08001020   0x00000024   Code   RO         1884    i.HAL_NVIC_SetPriorityGrouping  stm32f1xx_hal_cortex.o
    0x08001044   0x08001044   0x00000034   Code   RO         1165    i.HAL_PCDEx_PMAConfig  stm32f1xx_hal_pcd_ex.o
    0x08001078   0x08001078   0x00000002   Code   RO          700    i.HAL_PCDEx_SetConnectionState  usbd_conf.o
    0x0800107a   0x0800107a   0x0000000e   Code   RO          702    i.HAL_PCD_DataInStageCallback  usbd_conf.o
    0x08001088   0x08001088   0x00000010   Code   RO          703    i.HAL_PCD_DataOutStageCallback  usbd_conf.o
    0x08001098   0x08001098   0x00000048   Code   RO          957    i.HAL_PCD_EP_Close  stm32f1xx_hal_pcd.o
    0x080010e0   0x080010e0   0x00000058   Code   RO          958    i.HAL_PCD_EP_ClrStall  stm32f1xx_hal_pcd.o
    0x08001138   0x08001138   0x0000000e   Code   RO          960    i.HAL_PCD_EP_GetRxCount  stm32f1xx_hal_pcd.o
    0x08001146   0x08001146   0x0000005c   Code   RO          961    i.HAL_PCD_EP_Open   stm32f1xx_hal_pcd.o
    0x080011a2   0x080011a2   0x0000002e   Code   RO          962    i.HAL_PCD_EP_Receive  stm32f1xx_hal_pcd.o
    0x080011d0   0x080011d0   0x0000006a   Code   RO          963    i.HAL_PCD_EP_SetStall  stm32f1xx_hal_pcd.o
    0x0800123a   0x0800123a   0x0000002a   Code   RO          964    i.HAL_PCD_EP_Transmit  stm32f1xx_hal_pcd.o
    0x08001264   0x08001264   0x00000116   Code   RO          966    i.HAL_PCD_IRQHandler  stm32f1xx_hal_pcd.o
    0x0800137a   0x0800137a   0x00000002   PAD
    0x0800137c   0x0800137c   0x000000d2   Code   RO          969    i.HAL_PCD_Init      stm32f1xx_hal_pcd.o
    0x0800144e   0x0800144e   0x00000002   PAD
    0x08001450   0x08001450   0x0000003c   Code   RO          708    i.HAL_PCD_MspInit   usbd_conf.o
    0x0800148c   0x0800148c   0x00000026   Code   RO          709    i.HAL_PCD_ResetCallback  usbd_conf.o
    0x080014b2   0x080014b2   0x00000008   Code   RO          710    i.HAL_PCD_ResumeCallback  usbd_conf.o
    0x080014ba   0x080014ba   0x00000008   Code   RO          711    i.HAL_PCD_SOFCallback  usbd_conf.o
    0x080014c2   0x080014c2   0x00000028   Code   RO          975    i.HAL_PCD_SetAddress  stm32f1xx_hal_pcd.o
    0x080014ea   0x080014ea   0x0000000e   Code   RO          712    i.HAL_PCD_SetupStageCallback  usbd_conf.o
    0x080014f8   0x080014f8   0x00000032   Code   RO          977    i.HAL_PCD_Start     stm32f1xx_hal_pcd.o
    0x0800152a   0x0800152a   0x00000002   PAD
    0x0800152c   0x0800152c   0x00000024   Code   RO          713    i.HAL_PCD_SuspendCallback  usbd_conf.o
    0x08001550   0x08001550   0x000000ec   Code   RO         1680    i.HAL_RCCEx_PeriphCLKConfig  stm32f1xx_hal_rcc_ex.o
    0x0800163c   0x0800163c   0x0000012c   Code   RO         1577    i.HAL_RCC_ClockConfig  stm32f1xx_hal_rcc.o
    0x08001768   0x08001768   0x0000006c   Code   RO         1586    i.HAL_RCC_GetSysClockFreq  stm32f1xx_hal_rcc.o
    0x080017d4   0x080017d4   0x00000320   Code   RO         1589    i.HAL_RCC_OscConfig  stm32f1xx_hal_rcc.o
    0x08001af4   0x08001af4   0x0000007c   Code   RO         2388    i.HAL_SPI_Init      stm32f1xx_hal_spi.o
    0x08001b70   0x08001b70   0x00000070   Code   RO          455    i.HAL_SPI_MspInit   stm32f1xx_hal_msp.o
    0x08001be0   0x08001be0   0x000001e2   Code   RO         2397    i.HAL_SPI_TransmitReceive  stm32f1xx_hal_spi.o
    0x08001dc2   0x08001dc2   0x00000028   Code   RO         1888    i.HAL_SYSTICK_Config  stm32f1xx_hal_cortex.o
    0x08001dea   0x08001dea   0x00000002   Code   RO          365    i.HardFault_Handler  stm32f1xx_it.o
    0x08001dec   0x08001dec   0x00000038   Code   RO          562    i.IntToUnicode      usbd_desc.o
    0x08001e24   0x08001e24   0x00000148   Code   RO          164    i.MX_GPIO_Init      main.o
    0x08001f6c   0x08001f6c   0x00000038   Code   RO          165    i.MX_SPI1_Init      main.o
    0x08001fa4   0x08001fa4   0x00000054   Code   RO          505    i.MX_USB_DEVICE_Init  usb_device.o
    0x08001ff8   0x08001ff8   0x00000002   Code   RO          366    i.MemManage_Handler  stm32f1xx_it.o
    0x08001ffa   0x08001ffa   0x00000002   Code   RO          367    i.NMI_Handler       stm32f1xx_it.o
    0x08001ffc   0x08001ffc   0x000002c2   Code   RO          980    i.PCD_EP_ISR_Handler  stm32f1xx_hal_pcd.o
    0x080022be   0x080022be   0x00000002   Code   RO          368    i.PendSV_Handler    stm32f1xx_it.o
    0x080022c0   0x080022c0   0x00000020   Code   RO         2426    i.SPI_EndRxTxTransaction  stm32f1xx_hal_spi.o
    0x080022e0   0x080022e0   0x00000028   Code   RO           13    i.SPI_FPGA_Read     extfls.o
    0x08002308   0x08002308   0x00000094   Code   RO         2431    i.SPI_WaitFlagStateUntilTimeout  stm32f1xx_hal_spi.o
    0x0800239c   0x0800239c   0x00000002   Code   RO          369    i.SVC_Handler       stm32f1xx_it.o
    0x0800239e   0x0800239e   0x00000004   Code   RO          370    i.SysTick_Handler   stm32f1xx_it.o
    0x080023a2   0x080023a2   0x00000060   Code   RO          166    i.SystemClock_Config  main.o
    0x08002402   0x08002402   0x00000002   PAD
    0x08002404   0x08002404   0x00000048   Code   RO         2736    i.SystemInit        system_stm32f1xx.o
    0x0800244c   0x0800244c   0x00000046   Code   RO         3036    i.USBD_CDC_DataIn   usbd_cdc.o
    0x08002492   0x08002492   0x0000002e   Code   RO         3037    i.USBD_CDC_DataOut  usbd_cdc.o
    0x080024c0   0x080024c0   0x00000044   Code   RO         3038    i.USBD_CDC_DeInit   usbd_cdc.o
    0x08002504   0x08002504   0x00000024   Code   RO         3039    i.USBD_CDC_EP0_RxReady  usbd_cdc.o
    0x08002528   0x08002528   0x0000000c   Code   RO         3040    i.USBD_CDC_GetDeviceQualifierDescriptor  usbd_cdc.o
    0x08002534   0x08002534   0x0000000c   Code   RO         3041    i.USBD_CDC_GetFSCfgDesc  usbd_cdc.o
    0x08002540   0x08002540   0x0000000c   Code   RO         3042    i.USBD_CDC_GetHSCfgDesc  usbd_cdc.o
    0x0800254c   0x0800254c   0x0000000c   Code   RO         3043    i.USBD_CDC_GetOtherSpeedCfgDesc  usbd_cdc.o
    0x08002558   0x08002558   0x00000094   Code   RO         3044    i.USBD_CDC_Init     usbd_cdc.o
    0x080025ec   0x080025ec   0x00000028   Code   RO         3045    i.USBD_CDC_ReceivePacket  usbd_cdc.o
    0x08002614   0x08002614   0x00000010   Code   RO         3046    i.USBD_CDC_RegisterInterface  usbd_cdc.o
    0x08002624   0x08002624   0x0000000c   Code   RO         3047    i.USBD_CDC_SetRxBuffer  usbd_cdc.o
    0x08002630   0x08002630   0x00000010   Code   RO         3048    i.USBD_CDC_SetTxBuffer  usbd_cdc.o
    0x08002640   0x08002640   0x000000ac   Code   RO         3049    i.USBD_CDC_Setup    usbd_cdc.o
    0x080026ec   0x080026ec   0x00000036   Code   RO         3050    i.USBD_CDC_TransmitPacket  usbd_cdc.o
    0x08002722   0x08002722   0x0000000e   Code   RO         2773    i.USBD_ClrClassConfig  usbd_core.o
    0x08002730   0x08002730   0x00000010   Code   RO         2976    i.USBD_CtlContinueRx  usbd_ioreq.o
    0x08002740   0x08002740   0x00000010   Code   RO         2977    i.USBD_CtlContinueSendData  usbd_ioreq.o
    0x08002750   0x08002750   0x00000016   Code   RO         2911    i.USBD_CtlError     usbd_ctlreq.o
    0x08002766   0x08002766   0x0000001e   Code   RO         2978    i.USBD_CtlPrepareRx  usbd_ioreq.o
    0x08002784   0x08002784   0x00000016   Code   RO         2979    i.USBD_CtlReceiveStatus  usbd_ioreq.o
    0x0800279a   0x0800279a   0x0000001a   Code   RO         2980    i.USBD_CtlSendData  usbd_ioreq.o
    0x080027b4   0x080027b4   0x00000016   Code   RO         2981    i.USBD_CtlSendStatus  usbd_ioreq.o
    0x080027ca   0x080027ca   0x00000002   PAD
    0x080027cc   0x080027cc   0x00000020   Code   RO          563    i.USBD_FS_ConfigStrDescriptor  usbd_desc.o
    0x080027ec   0x080027ec   0x0000000c   Code   RO          564    i.USBD_FS_DeviceDescriptor  usbd_desc.o
    0x080027f8   0x080027f8   0x00000024   Code   RO          565    i.USBD_FS_InterfaceStrDescriptor  usbd_desc.o
    0x0800281c   0x0800281c   0x0000000c   Code   RO          566    i.USBD_FS_LangIDStrDescriptor  usbd_desc.o
    0x08002828   0x08002828   0x00000028   Code   RO          567    i.USBD_FS_ManufacturerStrDescriptor  usbd_desc.o
    0x08002850   0x08002850   0x0000002c   Code   RO          568    i.USBD_FS_ProductStrDescriptor  usbd_desc.o
    0x0800287c   0x0800287c   0x00000038   Code   RO          569    i.USBD_FS_SerialStrDescriptor  usbd_desc.o
    0x080028b4   0x080028b4   0x000000e8   Code   RO         2912    i.USBD_GetDescriptor  usbd_ctlreq.o
    0x0800299c   0x0800299c   0x00000048   Code   RO         2913    i.USBD_GetString    usbd_ctlreq.o
    0x080029e4   0x080029e4   0x00000018   Code   RO          714    i.USBD_Get_USB_Status  usbd_conf.o
    0x080029fc   0x080029fc   0x0000002a   Code   RO         2775    i.USBD_Init         usbd_core.o
    0x08002a26   0x08002a26   0x00000012   Code   RO          715    i.USBD_LL_ClearStallEP  usbd_conf.o
    0x08002a38   0x08002a38   0x00000012   Code   RO          716    i.USBD_LL_CloseEP   usbd_conf.o
    0x08002a4a   0x08002a4a   0x000000c6   Code   RO         2776    i.USBD_LL_DataInStage  usbd_core.o
    0x08002b10   0x08002b10   0x00000082   Code   RO         2777    i.USBD_LL_DataOutStage  usbd_core.o
    0x08002b92   0x08002b92   0x00000008   Code   RO          720    i.USBD_LL_GetRxDataSize  usbd_conf.o
    0x08002b9a   0x08002b9a   0x00000002   PAD
    0x08002b9c   0x08002b9c   0x00000080   Code   RO          721    i.USBD_LL_Init      usbd_conf.o
    0x08002c1c   0x08002c1c   0x0000001c   Code   RO          722    i.USBD_LL_IsStallEP  usbd_conf.o
    0x08002c38   0x08002c38   0x00000018   Code   RO          723    i.USBD_LL_OpenEP    usbd_conf.o
    0x08002c50   0x08002c50   0x00000012   Code   RO          724    i.USBD_LL_PrepareReceive  usbd_conf.o
    0x08002c62   0x08002c62   0x00000050   Code   RO         2782    i.USBD_LL_Reset     usbd_core.o
    0x08002cb2   0x08002cb2   0x00000014   Code   RO         2783    i.USBD_LL_Resume    usbd_core.o
    0x08002cc6   0x08002cc6   0x00000018   Code   RO         2784    i.USBD_LL_SOF       usbd_core.o
    0x08002cde   0x08002cde   0x00000006   Code   RO         2785    i.USBD_LL_SetSpeed  usbd_core.o
    0x08002ce4   0x08002ce4   0x00000012   Code   RO          725    i.USBD_LL_SetUSBAddress  usbd_conf.o
    0x08002cf6   0x08002cf6   0x0000005a   Code   RO         2786    i.USBD_LL_SetupStage  usbd_core.o
    0x08002d50   0x08002d50   0x00000012   Code   RO          726    i.USBD_LL_StallEP   usbd_conf.o
    0x08002d62   0x08002d62   0x00000012   Code   RO          727    i.USBD_LL_Start     usbd_conf.o
    0x08002d74   0x08002d74   0x00000012   Code   RO         2787    i.USBD_LL_Suspend   usbd_core.o
    0x08002d86   0x08002d86   0x00000012   Code   RO          729    i.USBD_LL_Transmit  usbd_conf.o
    0x08002d98   0x08002d98   0x00000028   Code   RO         2914    i.USBD_ParseSetupRequest  usbd_ctlreq.o
    0x08002dc0   0x08002dc0   0x00000010   Code   RO         2788    i.USBD_RegisterClass  usbd_core.o
    0x08002dd0   0x08002dd0   0x00000016   Code   RO         2790    i.USBD_SetClassConfig  usbd_core.o
    0x08002de6   0x08002de6   0x00000002   PAD
    0x08002de8   0x08002de8   0x00000084   Code   RO         2915    i.USBD_SetConfig    usbd_ctlreq.o
    0x08002e6c   0x08002e6c   0x0000000a   Code   RO         2791    i.USBD_Start        usbd_core.o
    0x08002e76   0x08002e76   0x00000112   Code   RO         2916    i.USBD_StdDevReq    usbd_ctlreq.o
    0x08002f88   0x08002f88   0x00000150   Code   RO         2917    i.USBD_StdEPReq     usbd_ctlreq.o
    0x080030d8   0x080030d8   0x0000004e   Code   RO         2918    i.USBD_StdItfReq    usbd_ctlreq.o
    0x08003126   0x08003126   0x00000002   Code   RO          730    i.USBD_static_free  usbd_conf.o
    0x08003128   0x08003128   0x00000008   Code   RO          731    i.USBD_static_malloc  usbd_conf.o
    0x08003130   0x08003130   0x00000266   Code   RO         1205    i.USB_ActivateEndpoint  stm32f1xx_ll_usb.o
    0x08003396   0x08003396   0x00000004   Code   RO         1208    i.USB_CoreInit      stm32f1xx_ll_usb.o
    0x0800339a   0x0800339a   0x0000010e   Code   RO         1210    i.USB_DeactivateEndpoint  stm32f1xx_ll_usb.o
    0x080034a8   0x080034a8   0x00000004   Code   RO         1211    i.USB_DevConnect    stm32f1xx_ll_usb.o
    0x080034ac   0x080034ac   0x00000004   Code   RO         1212    i.USB_DevDisconnect  stm32f1xx_ll_usb.o
    0x080034b0   0x080034b0   0x0000001e   Code   RO         1213    i.USB_DevInit       stm32f1xx_ll_usb.o
    0x080034ce   0x080034ce   0x0000000e   Code   RO         1214    i.USB_DisableGlobalInt  stm32f1xx_ll_usb.o
    0x080034dc   0x080034dc   0x00000004   Code   RO         1215    i.USB_EP0_OutStart  stm32f1xx_ll_usb.o
    0x080034e0   0x080034e0   0x00000078   Code   RO         1216    i.USB_EPClearStall  stm32f1xx_ll_usb.o
    0x08003558   0x08003558   0x00000032   Code   RO         1217    i.USB_EPSetStall    stm32f1xx_ll_usb.o
    0x0800358a   0x0800358a   0x0000019c   Code   RO         1218    i.USB_EPStartXfer   stm32f1xx_ll_usb.o
    0x08003726   0x08003726   0x0000000e   Code   RO         1219    i.USB_EnableGlobalInt  stm32f1xx_ll_usb.o
    0x08003734   0x08003734   0x0000000c   Code   RO          371    i.USB_LP_CAN1_RX0_IRQHandler  stm32f1xx_it.o
    0x08003740   0x08003740   0x00000006   Code   RO         1226    i.USB_ReadInterrupts  stm32f1xx_ll_usb.o
    0x08003746   0x08003746   0x00000002   PAD
    0x08003748   0x08003748   0x0000002c   Code   RO         1227    i.USB_ReadPMA       stm32f1xx_ll_usb.o
    0x08003774   0x08003774   0x00000004   Code   RO         1229    i.USB_SetCurrentMode  stm32f1xx_ll_usb.o
    0x08003778   0x08003778   0x0000000c   Code   RO         1230    i.USB_SetDevAddress  stm32f1xx_ll_usb.o
    0x08003784   0x08003784   0x00000026   Code   RO         1233    i.USB_WritePMA      stm32f1xx_ll_usb.o
    0x080037aa   0x080037aa   0x00000002   Code   RO          372    i.UsageFault_Handler  stm32f1xx_it.o
    0x080037ac   0x080037ac   0x00000020   Code   RO         1890    i.__NVIC_SetPriority  stm32f1xx_hal_cortex.o
    0x080037cc   0x080037cc   0x0000000e   Code   RO         3209    i.__scatterload_copy  mc_w.l(handlers.o)
    0x080037da   0x080037da   0x00000002   Code   RO         3210    i.__scatterload_null  mc_w.l(handlers.o)
    0x080037dc   0x080037dc   0x0000000e   Code   RO         3211    i.__scatterload_zeroinit  mc_w.l(handlers.o)
    0x080037ea   0x080037ea   0x00000002   PAD
    0x080037ec   0x080037ec   0x00000f90   Code   RO          486    i.controlCore       ctr.o
    0x0800477c   0x0800477c   0x0000000c   Code   RO           15    i.delay_cycles      extfls.o
    0x08004788   0x08004788   0x0000014c   Code   RO          167    i.editCfg           main.o
    0x080048d4   0x080048d4   0x00000084   Code   RO           16    i.extdac_out        extfls.o
    0x08004958   0x08004958   0x0000006c   Code   RO           17    i.get_data          extfls.o
    0x080049c4   0x080049c4   0x000005cc   Code   RO          169    i.main              main.o
    0x08004f90   0x08004f90   0x0000008c   Code   RO           19    i.vout_level        extfls.o
    0x0800501c   0x0800501c   0x00000008   Data   RO          173    .constdata          main.o
    0x08005024   0x08005024   0x00000010   Data   RO         2737    .constdata          system_stm32f1xx.o
    0x08005034   0x08005034   0x00000020   Data   RO         3207    Region$$Table       anon$$obj.o


    Execution Region RW_IRAM1 (Exec base: 0x20000000, Load base: 0x08005054, Size: 0x00004090, Max: 0x00004800, ABSOLUTE, COMPRESSED[0x000000c4])

    Exec Addr    Load Addr    Size         Type   Attr      Idx    E Section Name        Object

    0x20000000   COMPRESSED   0x00000148   Data   RW          174    .data               main.o
    0x20000148   COMPRESSED   0x00000004   Data   RW          176    .data               main.o
    0x2000014c   COMPRESSED   0x00000004   Data   RW          177    .data               main.o
    0x20000150   COMPRESSED   0x00000004   Data   RW          178    .data               main.o
    0x20000154   COMPRESSED   0x00000004   Data   RW          179    .data               main.o
    0x20000158   COMPRESSED   0x00000004   Data   RW          180    .data               main.o
    0x2000015c   COMPRESSED   0x00000004   Data   RW          181    .data               main.o
    0x20000160   COMPRESSED   0x00000004   Data   RW          182    .data               main.o
    0x20000164   COMPRESSED   0x00000004   Data   RW          183    .data               main.o
    0x20000168   COMPRESSED   0x00000004   Data   RW          184    .data               main.o
    0x2000016c   COMPRESSED   0x00000004   Data   RW          487    .data               ctr.o
    0x20000170   COMPRESSED   0x0000001c   Data   RW          571    .data               usbd_desc.o
    0x2000018c   COMPRESSED   0x00000032   Data   RW          572    .data               usbd_desc.o
    0x200001be   COMPRESSED   0x00000002   PAD
    0x200001c0   COMPRESSED   0x00000010   Data   RW          654    .data               usbd_cdc_if.o
    0x200001d0   COMPRESSED   0x0000000c   Data   RW         1427    .data               stm32f1xx_hal.o
    0x200001dc   COMPRESSED   0x00000004   Data   RW         2739    .data               system_stm32f1xx.o
    0x200001e0   COMPRESSED   0x00000001   Data   RW         2919    .data               usbd_ctlreq.o
    0x200001e1   COMPRESSED   0x00000003   PAD
    0x200001e4   COMPRESSED   0x000000d7   Data   RW         3051    .data               usbd_cdc.o
    0x200002bb   COMPRESSED   0x00000001   PAD
    0x200002bc   COMPRESSED   0x00000038   Data   RW         3052    .data               usbd_cdc.o
    0x200002f4        -       0x00000255   Zero   RW          171    .bss                main.o
    0x20000549   COMPRESSED   0x00000003   PAD
    0x2000054c        -       0x00000200   Zero   RW          172    .bss                main.o
    0x2000074c        -       0x000002c4   Zero   RW          506    .bss                usb_device.o
    0x20000a10        -       0x00000200   Zero   RW          570    .bss                usbd_desc.o
    0x20000c10        -       0x000007d0   Zero   RW          653    .bss                usbd_cdc_if.o
    0x200013e0        -       0x0000048c   Zero   RW          732    .bss                usbd_conf.o
    0x2000186c   COMPRESSED   0x00000004   PAD
    0x20001870        -       0x00000020   Zero   RW         2131    .bss                stm32f1xx_hal_flash.o
    0x20001890        -       0x00002800   Zero   RW            1    STACK               startup_stm32f103xb.o


==============================================================================

Image component sizes


      Code (inc. data)   RO Data    RW Data    ZI Data      Debug   Object Name

      3984        356          0          4          0       2506   ctr.o
       432         30          0          0          0     413372   extfls.o
      2298        152          8        364       1109     424602   main.o
        36          8        236          0      10240        796   startup_stm32f103xb.o
       164         28          0         12          0       5857   stm32f1xx_hal.o
       198         14          0          0          0      28911   stm32f1xx_hal_cortex.o
       392         46          0          0         32       4682   stm32f1xx_hal_flash.o
       240         26          0          0          0       3221   stm32f1xx_hal_flash_ex.o
       516         40          0          0          0       3972   stm32f1xx_hal_gpio.o
       172         22          0          0          0       1548   stm32f1xx_hal_msp.o
      1744          0          0          0          0      10269   stm32f1xx_hal_pcd.o
        52          0          0          0          0       1166   stm32f1xx_hal_pcd_ex.o
      1208         76          0          0          0       4046   stm32f1xx_hal_rcc.o
       236         12          0          0          0       1372   stm32f1xx_hal_rcc_ex.o
       786          0          0          0          0       4497   stm32f1xx_hal_spi.o
        52         10          0          0          0       4742   stm32f1xx_it.o
      1644          0          0          0          0      14461   stm32f1xx_ll_usb.o
        72         16         16          4          0       1167   system_stm32f1xx.o
        84         18          0          0        708       7103   usb_device.o
       726         16          0        271          0      12954   usbd_cdc.o
       140         30          0         16       2000       3368   usbd_cdc_if.o
       544         30          0          0       1164      14061   usbd_conf.o
       670          0          0          0          0       9395   usbd_core.o
      1186         28          0          1          0       7868   usbd_ctlreq.o
       288        104          0         78        512       5869   usbd_desc.o
       132          0          0          0          0       4288   usbd_ioreq.o

    ----------------------------------------------------------------------
     18022       1062        292        756      15772     996093   Object Totals
         0          0         32          0          0          0   (incl. Generated)
        26          0          0          6          7          0   (incl. Padding)

    ----------------------------------------------------------------------

      Code (inc. data)   RO Data    RW Data    ZI Data      Debug   Library Member Name

        86          0          0          0          0          0   __dczerorl2.o
         0          0          0          0          0          0   entry.o
         0          0          0          0          0          0   entry10a.o
         0          0          0          0          0          0   entry11a.o
         8          4          0          0          0          0   entry2.o
         4          0          0          0          0          0   entry5.o
         0          0          0          0          0          0   entry7b.o
         0          0          0          0          0          0   entry8b.o
         8          4          0          0          0          0   entry9a.o
        30          0          0          0          0          0   handlers.o
        36          8          0          0          0         68   init.o
         0          0          0          0          0          0   iusefp.o
        30          0          0          0          0         68   llshl.o
        36          0          0          0          0         68   llsshr.o
        32          0          0          0          0         68   llushr.o
        36          0          0          0          0         68   memcpya.o
        36          0          0          0          0        108   memseta.o
        48          0          0          0          0         68   cdcmple.o
        48          0          0          0          0         68   cdrcmple.o
        56          0          0          0          0         88   d2f.o
       334          0          0          0          0        148   dadd.o
       222          0          0          0          0        100   ddiv.o
       186          0          0          0          0        176   depilogue.o
        62          0          0          0          0         80   dfixi.o
        34          0          0          0          0         76   dflti.o
       228          0          0          0          0         96   dmul.o
        46          0          0          0          0         80   dscalb.o
        38          0          0          0          0         68   f2d.o
       176          0          0          0          0        140   fadd.o
       124          0          0          0          0         88   fdiv.o
       110          0          0          0          0        168   fepilogue.o
        50          0          0          0          0         68   ffixi.o
        18          0          0          0          0         68   fflti.o
       100          0          0          0          0         76   fmul.o
        24          0          0          0          0         68   fscalb.o

    ----------------------------------------------------------------------
      2250         16          0          0          0       2172   Library Totals
         4          0          0          0          0          0   (incl. Padding)

    ----------------------------------------------------------------------

      Code (inc. data)   RO Data    RW Data    ZI Data      Debug   Library Name

       342         16          0          0          0        448   mc_w.l
      1904          0          0          0          0       1724   mf_w.l

    ----------------------------------------------------------------------
      2250         16          0          0          0       2172   Library Totals

    ----------------------------------------------------------------------

==============================================================================


      Code (inc. data)   RO Data    RW Data    ZI Data      Debug   

     20272       1078        292        756      15772     988929   Grand Totals
     20272       1078        292        196      15772     988929   ELF Image Totals (compressed)
     20272       1078        292        196          0          0   ROM Totals

==============================================================================

    Total RO  Size (Code + RO Data)                20564 (  20.08kB)
    Total RW  Size (RW Data + ZI Data)             16528 (  16.14kB)
    Total ROM Size (Code + RO Data + RW Data)      20760 (  20.27kB)

==============================================================================

